Archive member included to satisfy reference by file (symbol)

app/libapp.a(main.c.obj)      (--whole-archive)
app/libapp.a(lbs.c.obj)       (--whole-archive)
zephyr/libzephyr.a(cbprintf_packaged.c.obj)
                              (--whole-archive)
zephyr/libzephyr.a(dec.c.obj)
                              (--whole-archive)
zephyr/libzephyr.a(fdtable.c.obj)
                              (--whole-archive)
zephyr/libzephyr.a(hex.c.obj)
                              (--whole-archive)
zephyr/libzephyr.a(printk.c.obj)
                              (--whole-archive)
zephyr/libzephyr.a(rb.c.obj)  (--whole-archive)
zephyr/libzephyr.a(sem.c.obj)
                              (--whole-archive)
zephyr/libzephyr.a(thread_entry.c.obj)
                              (--whole-archive)
zephyr/libzephyr.a(timeutil.c.obj)
                              (--whole-archive)
zephyr/libzephyr.a(heap.c.obj)
                              (--whole-archive)
zephyr/libzephyr.a(heap-validate.c.obj)
                              (--whole-archive)
zephyr/libzephyr.a(bitarray.c.obj)
                              (--whole-archive)
zephyr/libzephyr.a(multi_heap.c.obj)
                              (--whole-archive)
zephyr/libzephyr.a(onoff.c.obj)
                              (--whole-archive)
zephyr/libzephyr.a(notify.c.obj)
                              (--whole-archive)
zephyr/libzephyr.a(crc32c_sw.c.obj)
                              (--whole-archive)
zephyr/libzephyr.a(crc32_sw.c.obj)
                              (--whole-archive)
zephyr/libzephyr.a(crc16_sw.c.obj)
                              (--whole-archive)
zephyr/libzephyr.a(crc8_sw.c.obj)
                              (--whole-archive)
zephyr/libzephyr.a(crc7_sw.c.obj)
                              (--whole-archive)
zephyr/libzephyr.a(cbprintf_complete.c.obj)
                              (--whole-archive)
zephyr/libzephyr.a(cbprintf.c.obj)
                              (--whole-archive)
zephyr/libzephyr.a(assert.c.obj)
                              (--whole-archive)
zephyr/libzephyr.a(mpsc_pbuf.c.obj)
                              (--whole-archive)
zephyr/libzephyr.a(reboot.c.obj)
                              (--whole-archive)
zephyr/libzephyr.a(configs.c.obj)
                              (--whole-archive)
zephyr/libzephyr.a(soc.c.obj)
                              (--whole-archive)
zephyr/libzephyr.a(power.c.obj)
                              (--whole-archive)
zephyr/libzephyr.a(sync_rtc.c.obj)
                              (--whole-archive)
zephyr/libzephyr.a(soc_nrf_common.S.obj)
                              (--whole-archive)
zephyr/libzephyr.a(soc_secure.c.obj)
                              (--whole-archive)
zephyr/libzephyr.a(validate_base_addresses.c.obj)
                              (--whole-archive)
zephyr/libzephyr.a(validate_enabled_instances.c.obj)
                              (--whole-archive)
zephyr/libzephyr.a(ipc_service.c.obj)
                              (--whole-archive)
zephyr/libzephyr.a(ipc_rpmsg_static_vrings.c.obj)
                              (--whole-archive)
zephyr/libzephyr.a(ipc_rpmsg.c.obj)
                              (--whole-archive)
zephyr/libzephyr.a(ipc_static_vrings.c.obj)
                              (--whole-archive)
zephyr/libzephyr.a(log_core.c.obj)
                              (--whole-archive)
zephyr/libzephyr.a(log_mgmt.c.obj)
                              (--whole-archive)
zephyr/libzephyr.a(log_cache.c.obj)
                              (--whole-archive)
zephyr/libzephyr.a(log_msg.c.obj)
                              (--whole-archive)
zephyr/libzephyr.a(log_output.c.obj)
                              (--whole-archive)
zephyr/libzephyr.a(log_backend_uart.c.obj)
                              (--whole-archive)
zephyr/libzephyr.a(pm.c.obj)  (--whole-archive)
zephyr/libzephyr.a(policy.c.obj)
                              (--whole-archive)
zephyr/libzephyr.a(state.c.obj)
                              (--whole-archive)
zephyr/libzephyr.a(tracing_none.c.obj)
                              (--whole-archive)
zephyr/libzephyr.a(addr_utils.c.obj)
                              (--whole-archive)
zephyr/libzephyr.a(flash_map_partition_manager.c.obj)
                              (--whole-archive)
zephyr/libzephyr.a(utils.c.obj)
                              (--whole-archive)
zephyr/libzephyr.a(aes_decrypt.c.obj)
                              (--whole-archive)
zephyr/libzephyr.a(aes_encrypt.c.obj)
                              (--whole-archive)
zephyr/libzephyr.a(cmac_mode.c.obj)
                              (--whole-archive)
zephyr/libzephyr.a(sha256.c.obj)
                              (--whole-archive)
zephyr/libzephyr.a(hmac.c.obj)
                              (--whole-archive)
zephyr/libzephyr.a(hmac_prng.c.obj)
                              (--whole-archive)
zephyr/arch/common/libarch__common.a(sw_isr_common.c.obj)
                              (--whole-archive)
[...]
Memory Configuration

Name             Origin             Length             Attributes
FLASH            0x0000000000008000 0x00000000000f8000 xr
RAM              0x0000000020008000 0x0000000000068000 xw
IDT_LIST         0x00000000fffff7ff 0x0000000000000800 xw
*default*        0x0000000000000000 0xffffffffffffffff

Linker script and memory map

LOAD zephyr/CMakeFiles/zephyr_pre1.dir/misc/empty_file.c.obj
LOAD zephyr/CMakeFiles/zephyr_pre1.dir/dev_handles.c.obj
LOAD app/libapp.a
LOAD zephyr/libzephyr.a
LOAD zephyr/arch/common/libarch__common.a
LOAD zephyr/arch/arch/arm/core/aarch32/libarch__arm__core__aarch32.a
LOAD zephyr/arch/arch/arm/core/aarch32/cortex_m/libarch__arm__core__aarch32__cortex_m.a
LOAD zephyr/arch/arch/arm/core/aarch32/cortex_m/cmse/libarch__arm__core__aarch32__cortex_m__cmse.a
LOAD zephyr/arch/arch/arm/core/aarch32/mpu/libarch__arm__core__aarch32__mpu.a
LOAD zephyr/lib/libc/minimal/liblib__libc__minimal.a
LOAD zephyr/soc/arm/common/cortex_m/libsoc__arm__common__cortex_m.a
LOAD zephyr/boards/arm/nrf5340dk_nrf5340/libboards__arm__nrf5340dk_nrf5340.a
LOAD zephyr/subsys/random/libsubsys__random.a
LOAD zephyr/subsys/bluetooth/common/libsubsys__bluetooth__common.a
LOAD zephyr/subsys/bluetooth/host/libsubsys__bluetooth__host.a
LOAD zephyr/subsys/bluetooth/crypto/libsubsys__bluetooth__crypto.a
LOAD zephyr/subsys/net/libsubsys__net.a
LOAD zephyr/drivers/bluetooth/libdrivers__bluetooth.a
LOAD zephyr/drivers/clock_control/libdrivers__clock_control.a
LOAD zephyr/drivers/console/libdrivers__console.a
LOAD zephyr/drivers/entropy/libdrivers__entropy.a
LOAD zephyr/drivers/gpio/libdrivers__gpio.a
LOAD zephyr/drivers/mbox/libdrivers__mbox.a
LOAD zephyr/drivers/pinctrl/libdrivers__pinctrl.a
LOAD zephyr/drivers/serial/libdrivers__serial.a
LOAD zephyr/drivers/timer/libdrivers__timer.a
LOAD modules/nrf/lib/dk_buttons_and_leds/lib..__nrf__lib__dk_buttons_and_leds.a
LOAD modules/nrf/lib/fatal_error/lib..__nrf__lib__fatal_error.a
LOAD modules/nrf/modules/tfm/zephyr/libtfm_api_nrf.a
LOAD modules/trusted-firmware-m/libtfm_api.a
LOAD modules/hal_nordic/nrfx/libmodules__hal_nordic__nrfx.a
LOAD modules/libmetal/libmetal/lib/libmetal.a
LOAD modules/open-amp/open-amp/lib/libopen_amp.a
LOAD modules/nrfxlib/nrfxlib/nrf_security/src/zephyr/libmbedtls_zephyr.a
LOAD zephyr/kernel/libkernel.a
LOAD zephyr/CMakeFiles/offsets.dir/./arch/arm/core/offsets/offsets.c.obj
LOAD /home/niklas/ncs/toolchains/1f9b40e71a/opt/zephyr-sdk/arm-zephyr-eabi/bin/../lib/gcc/arm-zephyr-eabi/12.2.0/thumb/v8-m.main/nofp/libgcc.a
LOAD zephyr/arch/common/libisr_tables.a
LOAD tfm/secure_fw/s_veneers.o
LOAD modules/nrfxlib/nrfxlib/nrf_security/src/libmbedcrypto.a
LOAD /home/niklas/ncs/v2.4.1/nrfxlib/crypto/nrf_oberon/lib/cortex-m33/soft-float/liboberon_mbedtls_3.0.13.a
LOAD modules/nrfxlib/nrfxlib/nrf_security/src/libmbedcrypto_base.a
LOAD /home/niklas/ncs/v2.4.1/nrfxlib/crypto/nrf_oberon/lib/cortex-m33/soft-float/liboberon_3.0.13.a
                0x0000000000000020                _region_min_align = 0x20

.rel.plt        0x0000000000008000        0x0
 *(SORT_BY_ALIGNMENT(.rel.plt))
                [!provide]                        PROVIDE (__rel_iplt_start = .)
 *(SORT_BY_ALIGNMENT(.rel.iplt))
 .rel.iplt      0x0000000000008000        0x0 app/libapp.a(main.c.obj)
                [!provide]                        PROVIDE (__rel_iplt_end = .)

.rela.plt       0x0000000000000000        0x0
 *(SORT_BY_ALIGNMENT(.rela.plt))
                [!provide]                        PROVIDE (__rela_iplt_start = .)
 *(SORT_BY_ALIGNMENT(.rela.iplt))
                [!provide]                        PROVIDE (__rela_iplt_end = .)

.rel.dyn
 *(SORT_BY_ALIGNMENT(.rel.*))

.rela.dyn
 *(SORT_BY_ALIGNMENT(.rela.*))

/DISCARD/
 *(SORT_BY_ALIGNMENT(.plt))

/DISCARD/
 *(SORT_BY_ALIGNMENT(.iplt))
                0x0000000000008000                __rom_region_start = 0x8000

rom_start       0x0000000000008000      0x154
                0x0000000000000000                . = 0x0
                0x0000000000000000                . = ALIGN (0x4)
                0x0000000000000000                . = ALIGN (0x80)
                0x0000000000000000                . = ALIGN (0x200)
                0x0000000000008000                _vector_start = .
 *(SORT_BY_ALIGNMENT(.exc_vector_table))
 *(SORT_BY_ALIGNMENT(.exc_vector_table.*))
 .exc_vector_table._vector_table_section
                0x0000000000008000       0x40 zephyr/arch/arch/arm/core/aarch32/cortex_m/libarch__arm__core__aarch32__cortex_m.a(vector_table.S.obj)
                0x0000000000008000                _vector_table
 *(SORT_BY_ALIGNMENT(.vectors))
                0x0000000000008154                _vector_end = .
                0x0000000000008040                . = ALIGN (0x4)
 *(SORT_BY_ALIGNMENT(.gnu.linkonce.irq_vector_table*))
 .gnu.linkonce.irq_vector_table
                0x0000000000008040      0x114 zephyr/arch/common/libisr_tables.a(isr_tables.c.obj)
                0x0000000000008040                _irq_vector_table
                0x0000000000008154                _vector_end = .

text            0x0000000000008158    0x15f9c
                0x0000000000008158                __text_region_start = .
 *(SORT_BY_ALIGNMENT(.text))
 .text          0x0000000000008158       0x30 /home/niklas/ncs/toolchains/1f9b40e71a/opt/zephyr-sdk/arm-zephyr-eabi/bin/../lib/gcc/arm-zephyr-eabi/12.2.0/thumb/v8-m.main/nofp/libgcc.a(_aeabi_uldivmod.o)
                0x0000000000008158                __aeabi_uldivmod
 .text          0x0000000000008188        0x4 /home/niklas/ncs/toolchains/1f9b40e71a/opt/zephyr-sdk/arm-zephyr-eabi/bin/../lib/gcc/arm-zephyr-eabi/12.2.0/thumb/v8-m.main/nofp/libgcc.a(_dvmd_tls.o)
                0x0000000000008188                __aeabi_ldiv0
                0x0000000000008188                __aeabi_idiv0
 .text          0x000000000000818c      0x29c /home/niklas/ncs/toolchains/1f9b40e71a/opt/zephyr-sdk/arm-zephyr-eabi/bin/../lib/gcc/arm-zephyr-eabi/12.2.0/thumb/v8-m.main/nofp/libgcc.a(_udivmoddi4.o)
                0x000000000000818c                __udivmoddi4
 *(SORT_BY_ALIGNMENT(.text.*))
 .text.bt_init  0x0000000000008428      0x5f0 zephyr/subsys/bluetooth/host/libsubsys__bluetooth__host.a(hci_core.c.obj)
 .text.app_button_cb
                0x0000000000008a18        0xc app/libapp.a(main.c.obj)
 .text.button_changed
                0x0000000000008a24       0x1c app/libapp.a(main.c.obj)
 .text.on_connected
                0x0000000000008a40       0x58 app/libapp.a(main.c.obj)
 .text.on_disconnected
                0x0000000000008a98       0x34 app/libapp.a(main.c.obj)
 .text.bt_addr_le_to_str.constprop.0.isra.0
                0x0000000000008acc       0x78 app/libapp.a(main.c.obj)
 .text.on_security_changed
                0x0000000000008b44       0x84 app/libapp.a(main.c.obj)
 .text.auth_cancel
                0x0000000000008bc8       0x44 app/libapp.a(main.c.obj)
 .text.auth_passkey_display
                0x0000000000008c0c       0x48 app/libapp.a(main.c.obj)
 .text.main     0x0000000000008c54      0x180 app/libapp.a(main.c.obj)
                0x0000000000008c54                main
 .text.lbslc_ccc_cfg_changed
                0x0000000000008dd4       0x10 app/libapp.a(lbs.c.obj)
 .text.write_led
                0x0000000000008de4       0x3c app/libapp.a(lbs.c.obj)
 .text.read_button
                0x0000000000008e20       0x44 app/libapp.a(lbs.c.obj)
 .text.bt_lbs_init
                0x0000000000008e64       0x14 app/libapp.a(lbs.c.obj)
                0x0000000000008e64                bt_lbs_init
 .text.bt_lbs_send_button_state
                0x0000000000008e78       0x44 app/libapp.a(lbs.c.obj)
                0x0000000000008e78                bt_lbs_send_button_state
 .text.cbvprintf_package
                0x0000000000008ebc      0x3a8 zephyr/libzephyr.a(cbprintf_packaged.c.obj)
                0x0000000000008ebc                cbvprintf_package
 .text.cbprintf_package_convert
                0x0000000000009264      0x3c0 zephyr/libzephyr.a(cbprintf_packaged.c.obj)
                0x0000000000009264                cbprintf_package_convert
 .text.__printk_hook_install
                0x0000000000009624        0xc zephyr/libzephyr.a(printk.c.obj)
                0x0000000000009624                __printk_hook_install
 .text.vsnprintk
                0x0000000000009630       0x2c zephyr/libzephyr.a(printk.c.obj)
                0x0000000000009630                vsnprintk
 .text.process_event
                0x000000000000965c      0x21c zephyr/libzephyr.a(onoff.c.obj)
 .text.z_cbvprintf_impl
                0x0000000000009878      0x764 zephyr/libzephyr.a(cbprintf_complete.c.obj)
                0x0000000000009878                z_cbvprintf_impl
 .text.z_arm_on_enter_cpu_idle
                0x0000000000009fdc       0x68 zephyr/libzephyr.a(soc.c.obj)
                0x0000000000009fdc                z_arm_on_enter_cpu_idle
 .text.arch_busy_wait
                0x000000000000a044       0x24 zephyr/libzephyr.a(soc.c.obj)
                0x000000000000a044                arch_busy_wait
 .text.sync_rtc_setup
                0x000000000000a068       0xc8 zephyr/libzephyr.a(sync_rtc.c.obj)
 .text.rtc_cb   0x000000000000a130       0x44 zephyr/libzephyr.a(sync_rtc.c.obj)
 .text.mbox_callback
                0x000000000000a174       0x70 zephyr/libzephyr.a(sync_rtc.c.obj)
 .text.z_arm_platform_init
                0x000000000000a1e4        0x4 zephyr/libzephyr.a(soc_nrf_common.S.obj)
                0x000000000000a1e4                z_arm_platform_init
 .text.ipc_service_open_instance
                0x000000000000a1e8       0x5c zephyr/libzephyr.a(ipc_service.c.obj)
                0x000000000000a1e8                ipc_service_open_instance
 .text.ipc_service_register_endpoint
                0x000000000000a244       0x64 zephyr/libzephyr.a(ipc_service.c.obj)
                0x000000000000a244                ipc_service_register_endpoint
 .text.ipc_service_send
                0x000000000000a2a8       0x84 zephyr/libzephyr.a(ipc_service.c.obj)
                0x000000000000a2a8                ipc_service_send
 .text.shared_memory_prepare
                0x000000000000a32c       0x14 zephyr/libzephyr.a(ipc_rpmsg_static_vrings.c.obj)
 .text.advertise_ept
                0x000000000000a340       0x44 zephyr/libzephyr.a(ipc_rpmsg_static_vrings.c.obj)
 .text.get_ept  0x000000000000a384       0x28 zephyr/libzephyr.a(ipc_rpmsg_static_vrings.c.obj)
 .text.open     0x000000000000a3ac      0x1b8 zephyr/libzephyr.a(ipc_rpmsg_static_vrings.c.obj)
 .text.close    0x000000000000a564       0xc4 zephyr/libzephyr.a(ipc_rpmsg_static_vrings.c.obj)
 .text.bound_cb
                0x000000000000a628       0x30 zephyr/libzephyr.a(ipc_rpmsg_static_vrings.c.obj)
 .text.send     0x000000000000a658       0x4c zephyr/libzephyr.a(ipc_rpmsg_static_vrings.c.obj)
 .text.register_ept
                0x000000000000a6a4       0xe0 zephyr/libzephyr.a(ipc_rpmsg_static_vrings.c.obj)
 .text.ns_bind_cb
                0x000000000000a784       0x6c zephyr/libzephyr.a(ipc_rpmsg.c.obj)
 .text.ipc_rpmsg_register_ept
                0x000000000000a7f0       0x3c zephyr/libzephyr.a(ipc_rpmsg.c.obj)
                0x000000000000a7f0                ipc_rpmsg_register_ept
 .text.ipc_rpmsg_init
                0x000000000000a82c       0x70 zephyr/libzephyr.a(ipc_rpmsg.c.obj)
                0x000000000000a82c                ipc_rpmsg_init
 .text.ipc_static_vrings_init
                0x000000000000a89c      0x104 zephyr/libzephyr.a(ipc_static_vrings.c.obj)
                0x000000000000a89c                ipc_static_vrings_init
 .text.activate_foreach_backend
                0x000000000000a9a0       0x64 zephyr/libzephyr.a(log_core.c.obj)
 .text.enable_logger
                0x000000000000aa04       0x5c zephyr/libzephyr.a(log_core.c.obj)
 .text.log_process_thread_timer_expiry_fn
                0x000000000000aa60        0xc zephyr/libzephyr.a(log_core.c.obj)
 .text.z_log_init
                0x000000000000aa6c       0x90 zephyr/libzephyr.a(log_core.c.obj)
 .text.log_format_func_t_get
                0x000000000000aafc        0xc zephyr/libzephyr.a(log_core.c.obj)
                0x000000000000aafc                log_format_func_t_get
 .text.log_set_timestamp_func
                0x000000000000ab08       0x20 zephyr/libzephyr.a(log_core.c.obj)
                0x000000000000ab08                log_set_timestamp_func
 .text.z_log_notify_backend_enabled
                0x000000000000ab28       0x1c zephyr/libzephyr.a(log_core.c.obj)
                0x000000000000ab28                z_log_notify_backend_enabled
 .text.z_log_dropped
                0x000000000000ab44       0x28 zephyr/libzephyr.a(log_core.c.obj)
                0x000000000000ab44                z_log_dropped
 .text.z_log_dropped_read_and_clear
                0x000000000000ab6c       0x18 zephyr/libzephyr.a(log_core.c.obj)
                0x000000000000ab6c                z_log_dropped_read_and_clear
 .text.dropped_notify
                0x000000000000ab84       0x30 zephyr/libzephyr.a(log_core.c.obj)
                0x000000000000ab84                dropped_notify
 .text.z_log_msg_init
                0x000000000000abb4       0x20 zephyr/libzephyr.a(log_core.c.obj)
                0x000000000000abb4                z_log_msg_init
 .text.log_core_init
                0x000000000000abd4       0x34 zephyr/libzephyr.a(log_core.c.obj)
                0x000000000000abd4                log_core_init
 .text.z_log_msg_alloc
                0x000000000000ac08       0x10 zephyr/libzephyr.a(log_core.c.obj)
                0x000000000000ac08                z_log_msg_alloc
 .text.z_log_msg_local_claim
                0x000000000000ac18        0xc zephyr/libzephyr.a(log_core.c.obj)
                0x000000000000ac18                z_log_msg_local_claim
 .text.z_log_msg_free
                0x000000000000ac24       0x10 zephyr/libzephyr.a(log_core.c.obj)
                0x000000000000ac24                z_log_msg_free
 .text.z_log_msg_pending
                0x000000000000ac34        0xc zephyr/libzephyr.a(log_core.c.obj)
                0x000000000000ac34                z_log_msg_pending
 .text.z_impl_log_process
                0x000000000000ac40       0xb4 zephyr/libzephyr.a(log_core.c.obj)
                0x000000000000ac40                z_impl_log_process
 .text.z_impl_log_panic
                0x000000000000acf4       0x44 zephyr/libzephyr.a(log_core.c.obj)
                0x000000000000acf4                z_impl_log_panic
 .text.log_process_thread_func
                0x000000000000ad38       0x9c zephyr/libzephyr.a(log_core.c.obj)
 .text.z_log_msg_post_finalize
                0x000000000000add4       0x78 zephyr/libzephyr.a(log_core.c.obj)
 .text.z_log_msg_commit
                0x000000000000ae4c       0x24 zephyr/libzephyr.a(log_core.c.obj)
                0x000000000000ae4c                z_log_msg_commit
 .text.log_source_name_get
                0x000000000000ae70       0x1c zephyr/libzephyr.a(log_mgmt.c.obj)
                0x000000000000ae70                log_source_name_get
 .text.log_backend_enable
                0x000000000000ae8c       0x28 zephyr/libzephyr.a(log_mgmt.c.obj)
                0x000000000000ae8c                log_backend_enable
 .text.z_impl_z_log_msg_static_create
                0x000000000000aeb4      0x108 zephyr/libzephyr.a(log_msg.c.obj)
                0x000000000000aeb4                z_impl_z_log_msg_static_create
 .text.z_impl_z_log_msg_runtime_vcreate
                0x000000000000afbc       0x8c zephyr/libzephyr.a(log_msg.c.obj)
                0x000000000000afbc                z_impl_z_log_msg_runtime_vcreate
 .text.print_formatted
                0x000000000000b048       0x24 zephyr/libzephyr.a(log_output.c.obj)
 .text.newline_print
                0x000000000000b06c       0x1c zephyr/libzephyr.a(log_output.c.obj)
 .text.log_output_process
                0x000000000000b088      0x2a4 zephyr/libzephyr.a(log_output.c.obj)
                0x000000000000b088                log_output_process
 .text.log_output_msg_process
                0x000000000000b32c       0x6c zephyr/libzephyr.a(log_output.c.obj)
                0x000000000000b32c                log_output_msg_process
 .text.log_output_dropped_process
                0x000000000000b398       0x58 zephyr/libzephyr.a(log_output.c.obj)
                0x000000000000b398                log_output_dropped_process
 .text.log_output_timestamp_freq_set
                0x000000000000b3f0       0x2c zephyr/libzephyr.a(log_output.c.obj)
                0x000000000000b3f0                log_output_timestamp_freq_set
 .text.format_set
                0x000000000000b41c        0xc zephyr/libzephyr.a(log_backend_uart.c.obj)
 .text.panic    0x000000000000b428       0x14 zephyr/libzephyr.a(log_backend_uart.c.obj)
 .text.dropped  0x000000000000b43c        0xc zephyr/libzephyr.a(log_backend_uart.c.obj)
 .text.process  0x000000000000b448       0x24 zephyr/libzephyr.a(log_backend_uart.c.obj)
 .text.char_out
                0x000000000000b46c       0x24 zephyr/libzephyr.a(log_backend_uart.c.obj)
 .text.pm_state_notify
                0x000000000000b490       0x5c zephyr/libzephyr.a(pm.c.obj)
 .text.pm_system_resume
                0x000000000000b4ec       0x70 zephyr/libzephyr.a(pm.c.obj)
                0x000000000000b4ec                pm_system_resume
 .text.pm_system_suspend
                0x000000000000b55c       0xec zephyr/libzephyr.a(pm.c.obj)
                0x000000000000b55c                pm_system_suspend
 .text.pm_policy_next_state
                0x000000000000b648       0x94 zephyr/libzephyr.a(policy.c.obj)
                0x000000000000b648                pm_policy_next_state
 .text.pm_state_cpu_get_all
                0x000000000000b6dc       0x10 zephyr/libzephyr.a(state.c.obj)
                0x000000000000b6dc                pm_state_cpu_get_all
 .text.sub_bytes
                0x000000000000b6ec       0x18 zephyr/libzephyr.a(aes_encrypt.c.obj)
 .text.tc_aes128_set_encrypt_key
                0x000000000000b704       0xa8 zephyr/libzephyr.a(aes_encrypt.c.obj)
                0x000000000000b704                tc_aes128_set_encrypt_key
 .text.compress
                0x000000000000b7ac      0x1d4 zephyr/libzephyr.a(sha256.c.obj)
 .text.tc_sha256_init
                0x000000000000b980       0x58 zephyr/libzephyr.a(sha256.c.obj)
                0x000000000000b980                tc_sha256_init
 .text.z_arm_cpu_idle_init
                0x000000000000b9d8        0xc zephyr/arch/arch/arm/core/aarch32/libarch__arm__core__aarch32.a(cpu_idle.S.obj)
                0x000000000000b9d8                z_arm_cpu_idle_init
 .text.arch_cpu_idle
                0x000000000000b9e4       0x28 zephyr/arch/arch/arm/core/aarch32/libarch__arm__core__aarch32.a(cpu_idle.S.obj)
                0x000000000000b9e4                arch_cpu_idle
 .text.arch_cpu_atomic_idle
                0x000000000000ba0c       0x24 zephyr/arch/arch/arm/core/aarch32/libarch__arm__core__aarch32.a(cpu_idle.S.obj)
                0x000000000000ba0c                arch_cpu_atomic_idle
 .text.z_arm_fatal_error
                0x000000000000ba30       0xcc zephyr/arch/arch/arm/core/aarch32/libarch__arm__core__aarch32.a(fatal.c.obj)
                0x000000000000ba30                z_arm_fatal_error
 .text.arch_irq_enable
                0x000000000000bafc       0x1c zephyr/arch/arch/arm/core/aarch32/libarch__arm__core__aarch32.a(irq_manage.c.obj)
                0x000000000000bafc                arch_irq_enable
 .text.arch_irq_disable
                0x000000000000bb18       0x28 zephyr/arch/arch/arm/core/aarch32/libarch__arm__core__aarch32.a(irq_manage.c.obj)
                0x000000000000bb18                arch_irq_disable
 .text.arch_irq_is_enabled
                0x000000000000bb40       0x1c zephyr/arch/arch/arm/core/aarch32/libarch__arm__core__aarch32.a(irq_manage.c.obj)
                0x000000000000bb40                arch_irq_is_enabled
 .text.z_arm_irq_priority_set
                0x000000000000bb5c       0x2c zephyr/arch/arch/arm/core/aarch32/libarch__arm__core__aarch32.a(irq_manage.c.obj)
                0x000000000000bb5c                z_arm_irq_priority_set
 .text.z_SysNmiOnReset
                0x000000000000bb88        0x8 zephyr/arch/arch/arm/core/aarch32/libarch__arm__core__aarch32.a(nmi_on_reset.S.obj)
                0x000000000000bb88                z_SysNmiOnReset
 .text.z_arm_prep_c
                0x000000000000bb90       0x38 zephyr/arch/arch/arm/core/aarch32/libarch__arm__core__aarch32.a(prep_c.c.obj)
                0x000000000000bb90                z_arm_prep_c
 .text.arch_swap
                0x000000000000bbc8       0x34 zephyr/arch/arch/arm/core/aarch32/libarch__arm__core__aarch32.a(swap.c.obj)
                0x000000000000bbc8                arch_swap
 .text.z_arm_pendsv
                0x000000000000bbfc       0x60 zephyr/arch/arch/arm/core/aarch32/libarch__arm__core__aarch32.a(swap_helper.S.obj)
                0x000000000000bbfc                z_arm_pendsv
 .text.z_arm_svc
                0x000000000000bc5c       0x20 zephyr/arch/arch/arm/core/aarch32/libarch__arm__core__aarch32.a(swap_helper.S.obj)
                0x000000000000bc5c                z_arm_svc
 .text.arch_new_thread
                0x000000000000bc7c       0x40 zephyr/arch/arch/arm/core/aarch32/libarch__arm__core__aarch32.a(thread.c.obj)
                0x000000000000bc7c                arch_new_thread
 .text.arch_switch_to_main_thread
                0x000000000000bcbc       0x28 zephyr/arch/arch/arm/core/aarch32/libarch__arm__core__aarch32.a(thread.c.obj)
                0x000000000000bcbc                arch_switch_to_main_thread
 .text._isr_wrapper
                0x000000000000bce4       0x40 zephyr/arch/arch/arm/core/aarch32/libarch__arm__core__aarch32.a(isr_wrapper.S.obj)
                0x000000000000bce4                _isr_wrapper
 .text._HandlerModeExit
                0x000000000000bd24       0x1c zephyr/arch/arch/arm/core/aarch32/cortex_m/libarch__arm__core__aarch32__cortex_m.a(exc_exit.S.obj)
                0x000000000000bd24                z_arm_exc_exit
                0x000000000000bd24                z_arm_int_exit
 .text.mem_manage_fault.constprop.0
                0x000000000000bd40      0x144 zephyr/arch/arch/arm/core/aarch32/cortex_m/libarch__arm__core__aarch32__cortex_m.a(fault.c.obj)
 .text.bus_fault.constprop.0
                0x000000000000be84      0x154 zephyr/arch/arch/arm/core/aarch32/cortex_m/libarch__arm__core__aarch32__cortex_m.a(fault.c.obj)
 .text.usage_fault.constprop.0
                0x000000000000bfd8      0x128 zephyr/arch/arch/arm/core/aarch32/cortex_m/libarch__arm__core__aarch32__cortex_m.a(fault.c.obj)
 .text.z_arm_fault
                0x000000000000c100      0x224 zephyr/arch/arch/arm/core/aarch32/cortex_m/libarch__arm__core__aarch32__cortex_m.a(fault.c.obj)
                0x000000000000c100                z_arm_fault
 .text.z_arm_fault_init
                0x000000000000c324       0x18 zephyr/arch/arch/arm/core/aarch32/cortex_m/libarch__arm__core__aarch32__cortex_m.a(fault.c.obj)
                0x000000000000c324                z_arm_fault_init
 .text.__fault  0x000000000000c33c       0x14 zephyr/arch/arch/arm/core/aarch32/cortex_m/libarch__arm__core__aarch32__cortex_m.a(fault_s.S.obj)
                0x000000000000c33c                z_arm_bus_fault
                0x000000000000c33c                z_arm_usage_fault
                0x000000000000c33c                z_arm_mpu_fault
                0x000000000000c33c                z_arm_exc_spurious
                0x000000000000c33c                z_arm_debug_monitor
                0x000000000000c33c                z_arm_hard_fault
 .text.z_arm_interrupt_init
                0x000000000000c350       0x18 zephyr/arch/arch/arm/core/aarch32/cortex_m/libarch__arm__core__aarch32__cortex_m.a(irq_init.c.obj)
                0x000000000000c350                z_arm_interrupt_init
 .text._reset_section
                0x000000000000c368       0x60 zephyr/arch/arch/arm/core/aarch32/cortex_m/libarch__arm__core__aarch32__cortex_m.a(reset.S.obj)
                0x000000000000c368                z_arm_reset
                0x000000000000c368                __start
 .text.sys_arch_reboot
                0x000000000000c3c8       0x24 zephyr/arch/arch/arm/core/aarch32/cortex_m/libarch__arm__core__aarch32__cortex_m.a(scb.c.obj)
                0x000000000000c3c8                sys_arch_reboot
 .text.z_arm_clear_arm_mpu_config
                0x000000000000c3ec       0x24 zephyr/arch/arch/arm/core/aarch32/cortex_m/libarch__arm__core__aarch32__cortex_m.a(scb.c.obj)
                0x000000000000c3ec                z_arm_clear_arm_mpu_config
 .text.z_arm_init_arch_hw_at_boot
                0x000000000000c410       0x4c zephyr/arch/arch/arm/core/aarch32/cortex_m/libarch__arm__core__aarch32__cortex_m.a(scb.c.obj)
                0x000000000000c410                z_arm_init_arch_hw_at_boot
 .text.z_impl_k_thread_abort
                0x000000000000c45c       0x2c zephyr/arch/arch/arm/core/aarch32/cortex_m/libarch__arm__core__aarch32__cortex_m.a(thread_abort.c.obj)
                0x000000000000c45c                z_impl_k_thread_abort
 .text.z_arm_configure_static_mpu_regions
                0x000000000000c488       0x38 zephyr/arch/arch/arm/core/aarch32/mpu/libarch__arm__core__aarch32__mpu.a(arm_core_mpu.c.obj)
                0x000000000000c488                z_arm_configure_static_mpu_regions
 .text.region_init
                0x000000000000c4c0       0x34 zephyr/arch/arch/arm/core/aarch32/mpu/libarch__arm__core__aarch32__mpu.a(arm_mpu.c.obj)
 .text.region_allocate_and_init.part.0
                0x000000000000c4f4       0x30 zephyr/arch/arch/arm/core/aarch32/mpu/libarch__arm__core__aarch32__mpu.a(arm_mpu.c.obj)
 .text.mpu_configure_regions_and_partition.constprop.0
                0x000000000000c524      0x19c zephyr/arch/arch/arm/core/aarch32/mpu/libarch__arm__core__aarch32__mpu.a(arm_mpu.c.obj)
 .text.arm_core_mpu_enable
                0x000000000000c6c0       0x18 zephyr/arch/arch/arm/core/aarch32/mpu/libarch__arm__core__aarch32__mpu.a(arm_mpu.c.obj)
                0x000000000000c6c0                arm_core_mpu_enable
 .text.arm_core_mpu_disable
                0x000000000000c6d8       0x14 zephyr/arch/arch/arm/core/aarch32/mpu/libarch__arm__core__aarch32__mpu.a(arm_mpu.c.obj)
                0x000000000000c6d8                arm_core_mpu_disable
 .text.arm_core_mpu_configure_static_mpu_regions
                0x000000000000c6ec       0x14 zephyr/arch/arch/arm/core/aarch32/mpu/libarch__arm__core__aarch32__mpu.a(arm_mpu.c.obj)
                0x000000000000c6ec                arm_core_mpu_configure_static_mpu_regions
 .text.arm_core_mpu_mark_areas_for_dynamic_regions
                0x000000000000c700       0xb8 zephyr/arch/arch/arm/core/aarch32/mpu/libarch__arm__core__aarch32__mpu.a(arm_mpu.c.obj)
                0x000000000000c700                arm_core_mpu_mark_areas_for_dynamic_regions
 .text.z_arm_mpu_init
                0x000000000000c7b8       0x4c zephyr/arch/arch/arm/core/aarch32/mpu/libarch__arm__core__aarch32__mpu.a(arm_mpu.c.obj)
                0x000000000000c7b8                z_arm_mpu_init
 .text.__stdout_hook_install
                0x000000000000c804        0xc zephyr/lib/libc/minimal/liblib__libc__minimal.a(stdout_console.c.obj)
                0x000000000000c804                __stdout_hook_install
 .text.remoteproc_mgr_boot
                0x000000000000c810       0x10 zephyr/boards/arm/nrf5340dk_nrf5340/libboards__arm__nrf5340dk_nrf5340.a(nrf5340_cpunet_reset.c.obj)
 .text.xoshiro128_initialize
                0x000000000000c820       0x18 zephyr/subsys/random/libsubsys__random.a(rand32_xoshiro128.c.obj)
 .text.bt_hex   0x000000000000c838       0x44 zephyr/subsys/bluetooth/common/libsubsys__bluetooth__common.a(bt_str.c.obj)
                0x000000000000c838                bt_hex
 .text.bt_addr_le_str
                0x000000000000c87c       0x7c zephyr/subsys/bluetooth/common/libsubsys__bluetooth__common.a(bt_str.c.obj)
                0x000000000000c87c                bt_addr_le_str
 .text.long_wq_init
                0x000000000000c8f8       0x38 zephyr/subsys/bluetooth/host/libsubsys__bluetooth__host.a(long_wq.c.obj)
 .text.bt_long_wq_schedule
                0x000000000000c930        0xc zephyr/subsys/bluetooth/host/libsubsys__bluetooth__host.a(long_wq.c.obj)
                0x000000000000c930                bt_long_wq_schedule
 .text.uuid_to_uuid128
                0x000000000000c93c       0x6c zephyr/subsys/bluetooth/host/libsubsys__bluetooth__host.a(uuid.c.obj)
 .text.bt_buf_get_rx
                0x000000000000c9a8       0x2c zephyr/subsys/bluetooth/host/libsubsys__bluetooth__host.a(buf.c.obj)
                0x000000000000c9a8                bt_buf_get_rx
 .text.bt_buf_get_cmd_complete
                0x000000000000c9d4       0x38 zephyr/subsys/bluetooth/host/libsubsys__bluetooth__host.a(buf.c.obj)
                0x000000000000c9d4                bt_buf_get_cmd_complete
 .text.bt_buf_get_evt
                0x000000000000ca0c       0x58 zephyr/subsys/bluetooth/host/libsubsys__bluetooth__host.a(buf.c.obj)
                0x000000000000ca0c                bt_buf_get_evt
 .text.ver_str  0x000000000000ca64       0x3c zephyr/subsys/bluetooth/host/libsubsys__bluetooth__host.a(hci_core.c.obj)
 .text.hci_disconn_complete_prio
                0x000000000000caa0       0x3c zephyr/subsys/bluetooth/host/libsubsys__bluetooth__host.a(hci_core.c.obj)
 .text.find_pending_connect.part.0
                0x000000000000cadc       0x2c zephyr/subsys/bluetooth/host/libsubsys__bluetooth__host.a(hci_core.c.obj)
 .text.hci_data_buf_overflow
                0x000000000000cb08       0x30 zephyr/subsys/bluetooth/host/libsubsys__bluetooth__host.a(hci_core.c.obj)
 .text.le_conn_param_neg_reply.part.0
                0x000000000000cb38       0x24 zephyr/subsys/bluetooth/host/libsubsys__bluetooth__host.a(hci_core.c.obj)
 .text.rx_queue_put
                0x000000000000cb5c       0x50 zephyr/subsys/bluetooth/host/libsubsys__bluetooth__host.a(hci_core.c.obj)
 .text.handle_event.part.0
                0x000000000000cbac       0x48 zephyr/subsys/bluetooth/host/libsubsys__bluetooth__host.a(hci_core.c.obj)
 .text.hci_hardware_error
                0x000000000000cbf4       0x34 zephyr/subsys/bluetooth/host/libsubsys__bluetooth__host.a(hci_core.c.obj)
 .text.le_data_len_change
                0x000000000000cc28       0x40 zephyr/subsys/bluetooth/host/libsubsys__bluetooth__host.a(hci_core.c.obj)
 .text.le_phy_update_complete
                0x000000000000cc68       0x44 zephyr/subsys/bluetooth/host/libsubsys__bluetooth__host.a(hci_core.c.obj)
 .text.hci_disconn_complete
                0x000000000000ccac       0x58 zephyr/subsys/bluetooth/host/libsubsys__bluetooth__host.a(hci_core.c.obj)
 .text.handle_event
                0x000000000000cd04       0x60 zephyr/subsys/bluetooth/host/libsubsys__bluetooth__host.a(hci_core.c.obj)
 .text.rx_work_handler
                0x000000000000cd64      0x190 zephyr/subsys/bluetooth/host/libsubsys__bluetooth__host.a(hci_core.c.obj)
 .text.hci_le_meta_event
                0x000000000000cef4       0x20 zephyr/subsys/bluetooth/host/libsubsys__bluetooth__host.a(hci_core.c.obj)
 .text.le_remote_feat_complete
                0x000000000000cf14       0x60 zephyr/subsys/bluetooth/host/libsubsys__bluetooth__host.a(hci_core.c.obj)
 .text.hci_cmd_done
                0x000000000000cf74      0x130 zephyr/subsys/bluetooth/host/libsubsys__bluetooth__host.a(hci_core.c.obj)
 .text.hci_cmd_status
                0x000000000000d0a4       0x2c zephyr/subsys/bluetooth/host/libsubsys__bluetooth__host.a(hci_core.c.obj)
 .text.hci_cmd_complete
                0x000000000000d0d0       0x30 zephyr/subsys/bluetooth/host/libsubsys__bluetooth__host.a(hci_core.c.obj)
 .text.hci_num_completed_packets
                0x000000000000d100      0x150 zephyr/subsys/bluetooth/host/libsubsys__bluetooth__host.a(hci_core.c.obj)
 .text.le_conn_update_complete
                0x000000000000d250       0xd4 zephyr/subsys/bluetooth/host/libsubsys__bluetooth__host.a(hci_core.c.obj)
 .text.bt_hci_cmd_state_set_init
                0x000000000000d324       0x24 zephyr/subsys/bluetooth/host/libsubsys__bluetooth__host.a(hci_core.c.obj)
                0x000000000000d324                bt_hci_cmd_state_set_init
 .text.bt_hci_cmd_create
                0x000000000000d348       0x74 zephyr/subsys/bluetooth/host/libsubsys__bluetooth__host.a(hci_core.c.obj)
                0x000000000000d348                bt_hci_cmd_create
 .text.bt_hci_cmd_send_sync
                0x000000000000d3bc      0x100 zephyr/subsys/bluetooth/host/libsubsys__bluetooth__host.a(hci_core.c.obj)
                0x000000000000d3bc                bt_hci_cmd_send_sync
 .text.hci_le_read_max_data_len
                0x000000000000d4bc       0x50 zephyr/subsys/bluetooth/host/libsubsys__bluetooth__host.a(hci_core.c.obj)
 .text.bt_hci_le_rand
                0x000000000000d50c       0x58 zephyr/subsys/bluetooth/host/libsubsys__bluetooth__host.a(hci_core.c.obj)
                0x000000000000d50c                bt_hci_le_rand
 .text.bt_hci_le_enh_conn_complete
                0x000000000000d564      0x2e4 zephyr/subsys/bluetooth/host/libsubsys__bluetooth__host.a(hci_core.c.obj)
                0x000000000000d564                bt_hci_le_enh_conn_complete
 .text.le_legacy_conn_complete
                0x000000000000d848       0x6c zephyr/subsys/bluetooth/host/libsubsys__bluetooth__host.a(hci_core.c.obj)
 .text.bt_security_err_get
                0x000000000000d8b4       0x10 zephyr/subsys/bluetooth/host/libsubsys__bluetooth__host.a(hci_core.c.obj)
                0x000000000000d8b4                bt_security_err_get
 .text.hci_encrypt_key_refresh_complete
                0x000000000000d8c4       0xa8 zephyr/subsys/bluetooth/host/libsubsys__bluetooth__host.a(hci_core.c.obj)
 .text.hci_encrypt_change
                0x000000000000d96c       0xbc zephyr/subsys/bluetooth/host/libsubsys__bluetooth__host.a(hci_core.c.obj)
 .text.bt_send  0x000000000000da28       0x10 zephyr/subsys/bluetooth/host/libsubsys__bluetooth__host.a(hci_core.c.obj)
                0x000000000000da28                bt_send
 .text.bt_hci_cmd_send
                0x000000000000da38       0x6c zephyr/subsys/bluetooth/host/libsubsys__bluetooth__host.a(hci_core.c.obj)
                0x000000000000da38                bt_hci_cmd_send
 .text.bt_hci_host_num_completed_packets
                0x000000000000daa4       0xe4 zephyr/subsys/bluetooth/host/libsubsys__bluetooth__host.a(hci_core.c.obj)
                0x000000000000daa4                bt_hci_host_num_completed_packets
 .text.le_ltk_request
                0x000000000000db88       0xd0 zephyr/subsys/bluetooth/host/libsubsys__bluetooth__host.a(hci_core.c.obj)
 .text.le_conn_param_req
                0x000000000000dc58       0xd4 zephyr/subsys/bluetooth/host/libsubsys__bluetooth__host.a(hci_core.c.obj)
 .text.hci_tx_thread
                0x000000000000dd2c      0x194 zephyr/subsys/bluetooth/host/libsubsys__bluetooth__host.a(hci_core.c.obj)
 .text.hci_event_prio
                0x000000000000dec0       0xa4 zephyr/subsys/bluetooth/host/libsubsys__bluetooth__host.a(hci_core.c.obj)
                0x000000000000dec0                hci_event_prio
 .text.bt_recv  0x000000000000df64       0x68 zephyr/subsys/bluetooth/host/libsubsys__bluetooth__host.a(hci_core.c.obj)
                0x000000000000df64                bt_recv
 .text.bt_hci_driver_register
                0x000000000000dfcc       0x28 zephyr/subsys/bluetooth/host/libsubsys__bluetooth__host.a(hci_core.c.obj)
                0x000000000000dfcc                bt_hci_driver_register
 .text.bt_finalize_init
                0x000000000000dff4      0x154 zephyr/subsys/bluetooth/host/libsubsys__bluetooth__host.a(hci_core.c.obj)
                0x000000000000dff4                bt_finalize_init
 .text.init_work
                0x000000000000e148       0x18 zephyr/subsys/bluetooth/host/libsubsys__bluetooth__host.a(hci_core.c.obj)
 .text.bt_enable
                0x000000000000e160      0x124 zephyr/subsys/bluetooth/host/libsubsys__bluetooth__host.a(hci_core.c.obj)
                0x000000000000e160                bt_enable
 .text.bt_is_ready
                0x000000000000e284       0x10 zephyr/subsys/bluetooth/host/libsubsys__bluetooth__host.a(hci_core.c.obj)
                0x000000000000e284                bt_is_ready
 .text.bt_get_name
                0x000000000000e294        0x8 zephyr/subsys/bluetooth/host/libsubsys__bluetooth__host.a(hci_core.c.obj)
                0x000000000000e294                bt_get_name
 .text.id_find  0x000000000000e29c       0x30 zephyr/subsys/bluetooth/host/libsubsys__bluetooth__host.a(id.c.obj)
 .text.id_create.constprop.0
                0x000000000000e2cc       0x5c zephyr/subsys/bluetooth/host/libsubsys__bluetooth__host.a(id.c.obj)
 .text.bt_id_add.part.0
                0x000000000000e328      0x168 zephyr/subsys/bluetooth/host/libsubsys__bluetooth__host.a(id.c.obj)
 .text.set_random_address
                0x000000000000e490       0x58 zephyr/subsys/bluetooth/host/libsubsys__bluetooth__host.a(id.c.obj)
 .text.bt_id_del.part.0
                0x000000000000e4e8      0x12c zephyr/subsys/bluetooth/host/libsubsys__bluetooth__host.a(id.c.obj)
 .text.bt_id_pending_keys_update
                0x000000000000e614       0x2c zephyr/subsys/bluetooth/host/libsubsys__bluetooth__host.a(id.c.obj)
                0x000000000000e614                bt_id_pending_keys_update
 .text.bt_id_find_conflict
                0x000000000000e640       0x20 zephyr/subsys/bluetooth/host/libsubsys__bluetooth__host.a(id.c.obj)
                0x000000000000e640                bt_id_find_conflict
 .text.bt_id_add
                0x000000000000e660       0x34 zephyr/subsys/bluetooth/host/libsubsys__bluetooth__host.a(id.c.obj)
                0x000000000000e660                bt_id_add
 .text.bt_id_del
                0x000000000000e694       0x38 zephyr/subsys/bluetooth/host/libsubsys__bluetooth__host.a(id.c.obj)
                0x000000000000e694                bt_id_del
 .text.bt_id_create
                0x000000000000e6cc       0xa8 zephyr/subsys/bluetooth/host/libsubsys__bluetooth__host.a(id.c.obj)
                0x000000000000e6cc                bt_id_create
 .text.bt_id_read_public_addr
                0x000000000000e774       0x88 zephyr/subsys/bluetooth/host/libsubsys__bluetooth__host.a(id.c.obj)
                0x000000000000e774                bt_id_read_public_addr
 .text.bt_setup_public_id_addr
                0x000000000000e7fc       0x20 zephyr/subsys/bluetooth/host/libsubsys__bluetooth__host.a(id.c.obj)
                0x000000000000e7fc                bt_setup_public_id_addr
 .text.bt_read_static_addr
                0x000000000000e81c       0xa4 zephyr/subsys/bluetooth/host/libsubsys__bluetooth__host.a(id.c.obj)
                0x000000000000e81c                bt_read_static_addr
 .text.bt_setup_random_id_addr
                0x000000000000e8c0       0x5c zephyr/subsys/bluetooth/host/libsubsys__bluetooth__host.a(id.c.obj)
                0x000000000000e8c0                bt_setup_random_id_addr
 .text.bt_id_set_adv_own_addr
                0x000000000000e91c       0xb4 zephyr/subsys/bluetooth/host/libsubsys__bluetooth__host.a(id.c.obj)
                0x000000000000e91c                bt_id_set_adv_own_addr
 .text.bt_id_init
                0x000000000000e9d0       0x60 zephyr/subsys/bluetooth/host/libsubsys__bluetooth__host.a(id.c.obj)
                0x000000000000e9d0                bt_id_init
 .text.hci_set_ad
                0x000000000000ea30       0xe0 zephyr/subsys/bluetooth/host/libsubsys__bluetooth__host.a(adv.c.obj)
 .text.adv_is_directed
                0x000000000000eb10       0x18 zephyr/subsys/bluetooth/host/libsubsys__bluetooth__host.a(adv.c.obj)
 .text.le_adv_start_add_conn
                0x000000000000eb28       0x60 zephyr/subsys/bluetooth/host/libsubsys__bluetooth__host.a(adv.c.obj)
 .text.valid_adv_param
                0x000000000000eb88       0x84 zephyr/subsys/bluetooth/host/libsubsys__bluetooth__host.a(adv.c.obj)
 .text.bt_le_ext_adv_foreach
                0x000000000000ec0c        0xc zephyr/subsys/bluetooth/host/libsubsys__bluetooth__host.a(adv.c.obj)
                0x000000000000ec0c                bt_le_ext_adv_foreach
 .text.bt_le_adv_lookup_legacy
                0x000000000000ec18        0x8 zephyr/subsys/bluetooth/host/libsubsys__bluetooth__host.a(adv.c.obj)
                0x000000000000ec18                bt_le_adv_lookup_legacy
 .text.bt_le_adv_start_legacy
                0x000000000000ec20      0x274 zephyr/subsys/bluetooth/host/libsubsys__bluetooth__host.a(adv.c.obj)
                0x000000000000ec20                bt_le_adv_start_legacy
 .text.bt_le_adv_start
                0x000000000000ee94       0x64 zephyr/subsys/bluetooth/host/libsubsys__bluetooth__host.a(adv.c.obj)
                0x000000000000ee94                bt_le_adv_start
 .text.bt_le_adv_stop
                0x000000000000eef8       0x78 zephyr/subsys/bluetooth/host/libsubsys__bluetooth__host.a(adv.c.obj)
                0x000000000000eef8                bt_le_adv_stop
 .text.adv_timeout
                0x000000000000ef70       0x38 zephyr/subsys/bluetooth/host/libsubsys__bluetooth__host.a(adv.c.obj)
 .text.bt_le_adv_resume
                0x000000000000efa8       0xf4 zephyr/subsys/bluetooth/host/libsubsys__bluetooth__host.a(adv.c.obj)
                0x000000000000efa8                bt_le_adv_resume
 .text.prng_reseed.constprop.0
                0x000000000000f09c       0x6c zephyr/subsys/bluetooth/host/libsubsys__bluetooth__host.a(crypto.c.obj)
 .text.prng_init
                0x000000000000f108       0x50 zephyr/subsys/bluetooth/host/libsubsys__bluetooth__host.a(crypto.c.obj)
                0x000000000000f108                prng_init
 .text.bt_rand  0x000000000000f158       0x3c zephyr/subsys/bluetooth/host/libsubsys__bluetooth__host.a(crypto.c.obj)
                0x000000000000f158                bt_rand
 .text.bt_pub_key_is_debug
                0x000000000000f194       0x18 zephyr/subsys/bluetooth/host/libsubsys__bluetooth__host.a(ecc.c.obj)
                0x000000000000f194                bt_pub_key_is_debug
 .text.bt_pub_key_gen
                0x000000000000f1ac      0x114 zephyr/subsys/bluetooth/host/libsubsys__bluetooth__host.a(ecc.c.obj)
                0x000000000000f1ac                bt_pub_key_gen
 .text.bt_pub_key_get
                0x000000000000f2c0       0x1c zephyr/subsys/bluetooth/host/libsubsys__bluetooth__host.a(ecc.c.obj)
                0x000000000000f2c0                bt_pub_key_get
 .text.bt_dh_key_gen
                0x000000000000f2dc       0xac zephyr/subsys/bluetooth/host/libsubsys__bluetooth__host.a(ecc.c.obj)
                0x000000000000f2dc                bt_dh_key_gen
 .text.bt_hci_evt_le_pkey_complete
                0x000000000000f388       0x6c zephyr/subsys/bluetooth/host/libsubsys__bluetooth__host.a(ecc.c.obj)
                0x000000000000f388                bt_hci_evt_le_pkey_complete
 .text.bt_hci_evt_le_dhkey_complete
                0x000000000000f3f4       0x1c zephyr/subsys/bluetooth/host/libsubsys__bluetooth__host.a(ecc.c.obj)
                0x000000000000f3f4                bt_hci_evt_le_dhkey_complete
 .text.notify_connected
                0x000000000000f410       0x3c zephyr/subsys/bluetooth/host/libsubsys__bluetooth__host.a(conn.c.obj)
 .text.bt_conn_create_pdu_timeout.part.0
                0x000000000000f44c       0x28 zephyr/subsys/bluetooth/host/libsubsys__bluetooth__host.a(conn.c.obj)
 .text.tx_notify
                0x000000000000f474       0x60 zephyr/subsys/bluetooth/host/libsubsys__bluetooth__host.a(conn.c.obj)
 .text.conn_tx_destroy
                0x000000000000f4d4       0x2c zephyr/subsys/bluetooth/host/libsubsys__bluetooth__host.a(conn.c.obj)
 .text.send_frag
                0x000000000000f500      0x198 zephyr/subsys/bluetooth/host/libsubsys__bluetooth__host.a(conn.c.obj)
 .text.bt_conn_get_pkts
                0x000000000000f698       0x18 zephyr/subsys/bluetooth/host/libsubsys__bluetooth__host.a(conn.c.obj)
                0x000000000000f698                bt_conn_get_pkts
 .text.bt_conn_new
                0x000000000000f6b0       0x5c zephyr/subsys/bluetooth/host/libsubsys__bluetooth__host.a(conn.c.obj)
                0x000000000000f6b0                bt_conn_new
 .text.bt_conn_recv
                0x000000000000f70c      0x138 zephyr/subsys/bluetooth/host/libsubsys__bluetooth__host.a(conn.c.obj)
                0x000000000000f70c                bt_conn_recv
 .text.bt_conn_send_cb
                0x000000000000f844       0xe0 zephyr/subsys/bluetooth/host/libsubsys__bluetooth__host.a(conn.c.obj)
                0x000000000000f844                bt_conn_send_cb
 .text.bt_conn_prepare_events
                0x000000000000f924       0x90 zephyr/subsys/bluetooth/host/libsubsys__bluetooth__host.a(conn.c.obj)
                0x000000000000f924                bt_conn_prepare_events
 .text.bt_conn_lookup_handle
                0x000000000000f9b4       0x10 zephyr/subsys/bluetooth/host/libsubsys__bluetooth__host.a(conn.c.obj)
                0x000000000000f9b4                bt_conn_lookup_handle
 .text.bt_conn_set_state
                0x000000000000f9c4      0x1fc zephyr/subsys/bluetooth/host/libsubsys__bluetooth__host.a(conn.c.obj)
                0x000000000000f9c4                bt_conn_set_state
 .text.bt_conn_index
                0x000000000000fbc0       0x18 zephyr/subsys/bluetooth/host/libsubsys__bluetooth__host.a(conn.c.obj)
                0x000000000000fbc0                bt_conn_index
 .text.bt_conn_create_pdu_timeout
                0x000000000000fbd8       0x2c zephyr/subsys/bluetooth/host/libsubsys__bluetooth__host.a(conn.c.obj)
                0x000000000000fbd8                bt_conn_create_pdu_timeout
 .text.notify_le_param_updated
                0x000000000000fc04       0x80 zephyr/subsys/bluetooth/host/libsubsys__bluetooth__host.a(conn.c.obj)
                0x000000000000fc04                notify_le_param_updated
 .text.le_param_req
                0x000000000000fc84       0x74 zephyr/subsys/bluetooth/host/libsubsys__bluetooth__host.a(conn.c.obj)
                0x000000000000fc84                le_param_req
 .text.bt_conn_identity_resolved
                0x000000000000fcf8       0x5c zephyr/subsys/bluetooth/host/libsubsys__bluetooth__host.a(conn.c.obj)
                0x000000000000fcf8                bt_conn_identity_resolved
 .text.bt_conn_security_changed
                0x000000000000fd54       0x4c zephyr/subsys/bluetooth/host/libsubsys__bluetooth__host.a(conn.c.obj)
                0x000000000000fd54                bt_conn_security_changed
 .text.bt_conn_cb_register
                0x000000000000fda0       0x10 zephyr/subsys/bluetooth/host/libsubsys__bluetooth__host.a(conn.c.obj)
                0x000000000000fda0                bt_conn_cb_register
 .text.bt_conn_add_le
                0x000000000000fdb0       0x38 zephyr/subsys/bluetooth/host/libsubsys__bluetooth__host.a(conn.c.obj)
                0x000000000000fdb0                bt_conn_add_le
 .text.bt_conn_lookup_addr_le
                0x000000000000fde8       0x34 zephyr/subsys/bluetooth/host/libsubsys__bluetooth__host.a(conn.c.obj)
                0x000000000000fde8                bt_conn_lookup_addr_le
 .text.bt_conn_exists_le
                0x000000000000fe1c       0x60 zephyr/subsys/bluetooth/host/libsubsys__bluetooth__host.a(conn.c.obj)
                0x000000000000fe1c                bt_conn_exists_le
 .text.bt_conn_lookup_state_le
                0x000000000000fe7c       0x44 zephyr/subsys/bluetooth/host/libsubsys__bluetooth__host.a(conn.c.obj)
                0x000000000000fe7c                bt_conn_lookup_state_le
 .text.send_conn_le_param_update
                0x000000000000fec0       0x68 zephyr/subsys/bluetooth/host/libsubsys__bluetooth__host.a(conn.c.obj)
 .text.deferred_work
                0x000000000000ff28      0x10c zephyr/subsys/bluetooth/host/libsubsys__bluetooth__host.a(conn.c.obj)
 .text.bt_conn_create_frag_timeout
                0x0000000000010034        0xc zephyr/subsys/bluetooth/host/libsubsys__bluetooth__host.a(conn.c.obj)
                0x0000000000010034                bt_conn_create_frag_timeout
 .text.bt_conn_process_tx
                0x0000000000010040      0x110 zephyr/subsys/bluetooth/host/libsubsys__bluetooth__host.a(conn.c.obj)
                0x0000000000010040                bt_conn_process_tx
 .text.bt_conn_auth_cb_register
                0x0000000000010150       0x34 zephyr/subsys/bluetooth/host/libsubsys__bluetooth__host.a(conn.c.obj)
                0x0000000000010150                bt_conn_auth_cb_register
 .text.bt_conn_lookup_index
                0x0000000000010184       0x10 zephyr/subsys/bluetooth/host/libsubsys__bluetooth__host.a(conn.c.obj)
                0x0000000000010184                bt_conn_lookup_index
 .text.bt_conn_init
                0x0000000000010194       0x44 zephyr/subsys/bluetooth/host/libsubsys__bluetooth__host.a(conn.c.obj)
                0x0000000000010194                bt_conn_init
 .text.l2cap_create_le_sig_pdu.part.0
                0x00000000000101d8       0x2c zephyr/subsys/bluetooth/host/libsubsys__bluetooth__host.a(l2cap.c.obj)
 .text.l2cap_accept.part.0
                0x0000000000010204       0x30 zephyr/subsys/bluetooth/host/libsubsys__bluetooth__host.a(l2cap.c.obj)
 .text.l2cap_accept
                0x0000000000010234       0x1c zephyr/subsys/bluetooth/host/libsubsys__bluetooth__host.a(l2cap.c.obj)
 .text.bt_l2cap_connected
                0x0000000000010250       0x8c zephyr/subsys/bluetooth/host/libsubsys__bluetooth__host.a(l2cap.c.obj)
                0x0000000000010250                bt_l2cap_connected
 .text.l2cap_recv
                0x00000000000102dc       0xec zephyr/subsys/bluetooth/host/libsubsys__bluetooth__host.a(l2cap.c.obj)
 .text.bt_l2cap_recv
                0x00000000000103c8       0x7c zephyr/subsys/bluetooth/host/libsubsys__bluetooth__host.a(l2cap.c.obj)
                0x00000000000103c8                bt_l2cap_recv
 .text.bt_l2cap_update_conn_param
                0x0000000000010444       0x64 zephyr/subsys/bluetooth/host/libsubsys__bluetooth__host.a(l2cap.c.obj)
                0x0000000000010444                bt_l2cap_update_conn_param
 .text.att_op_get_type
                0x00000000000104a8       0x74 zephyr/subsys/bluetooth/host/libsubsys__bluetooth__host.a(att.c.obj)
 .text.bt_att_released
                0x000000000001051c       0x18 zephyr/subsys/bluetooth/host/libsubsys__bluetooth__host.a(att.c.obj)
 .text.tx_meta_data_free
                0x0000000000010534       0x1c zephyr/subsys/bluetooth/host/libsubsys__bluetooth__host.a(att.c.obj)
 .text.find_type_cb
                0x0000000000010550      0x180 zephyr/subsys/bluetooth/host/libsubsys__bluetooth__host.a(att.c.obj)
 .text.chan_send
                0x00000000000106d0       0xf0 zephyr/subsys/bluetooth/host/libsubsys__bluetooth__host.a(att.c.obj)
 .text.att_get  0x00000000000107c0       0x68 zephyr/subsys/bluetooth/host/libsubsys__bluetooth__host.a(att.c.obj)
 .text.bt_att_connected
                0x0000000000010828       0x3c zephyr/subsys/bluetooth/host/libsubsys__bluetooth__host.a(att.c.obj)
 .text.read_group_cb
                0x0000000000010864       0xac zephyr/subsys/bluetooth/host/libsubsys__bluetooth__host.a(att.c.obj)
 .text.read_type_cb
                0x0000000000010910       0xa0 zephyr/subsys/bluetooth/host/libsubsys__bluetooth__host.a(att.c.obj)
 .text.bt_att_accept
                0x00000000000109b0      0x110 zephyr/subsys/bluetooth/host/libsubsys__bluetooth__host.a(att.c.obj)
 .text.bt_att_chan_create_pdu
                0x0000000000010ac0       0xe8 zephyr/subsys/bluetooth/host/libsubsys__bluetooth__host.a(att.c.obj)
                0x0000000000010ac0                bt_att_chan_create_pdu
 .text.bt_att_recv
                0x0000000000010ba8      0x160 zephyr/subsys/bluetooth/host/libsubsys__bluetooth__host.a(att.c.obj)
 .text.att_write_rsp.constprop.0
                0x0000000000010d08       0xc8 zephyr/subsys/bluetooth/host/libsubsys__bluetooth__host.a(att.c.obj)
 .text.bt_att_create_pdu
                0x0000000000010dd0       0x74 zephyr/subsys/bluetooth/host/libsubsys__bluetooth__host.a(att.c.obj)
                0x0000000000010dd0                bt_att_create_pdu
 .text.att_read_group_req
                0x0000000000010e44       0xfc zephyr/subsys/bluetooth/host/libsubsys__bluetooth__host.a(att.c.obj)
 .text.att_read_mult_vl_req
                0x0000000000010f40       0xa8 zephyr/subsys/bluetooth/host/libsubsys__bluetooth__host.a(att.c.obj)
 .text.att_read_mult_req
                0x0000000000010fe8       0xa8 zephyr/subsys/bluetooth/host/libsubsys__bluetooth__host.a(att.c.obj)
 .text.att_read_rsp
                0x0000000000011090       0xa0 zephyr/subsys/bluetooth/host/libsubsys__bluetooth__host.a(att.c.obj)
 .text.att_read_type_req
                0x0000000000011130       0xc4 zephyr/subsys/bluetooth/host/libsubsys__bluetooth__host.a(att.c.obj)
 .text.att_find_type_req
                0x00000000000111f4       0xd0 zephyr/subsys/bluetooth/host/libsubsys__bluetooth__host.a(att.c.obj)
 .text.att_find_info_req
                0x00000000000112c4       0x78 zephyr/subsys/bluetooth/host/libsubsys__bluetooth__host.a(att.c.obj)
 .text.bt_att_init
                0x000000000001133c       0x38 zephyr/subsys/bluetooth/host/libsubsys__bluetooth__host.a(att.c.obj)
                0x000000000001133c                bt_att_init
 .text.bt_att_req_alloc
                0x0000000000011374       0x44 zephyr/subsys/bluetooth/host/libsubsys__bluetooth__host.a(att.c.obj)
                0x0000000000011374                bt_att_req_alloc
 .text.bt_att_req_free
                0x00000000000113b8       0x30 zephyr/subsys/bluetooth/host/libsubsys__bluetooth__host.a(att.c.obj)
                0x00000000000113b8                bt_att_req_free
 .text.att_handle_rsp
                0x00000000000113e8       0x8c zephyr/subsys/bluetooth/host/libsubsys__bluetooth__host.a(att.c.obj)
 .text.bt_att_disconnected
                0x0000000000011474       0xd0 zephyr/subsys/bluetooth/host/libsubsys__bluetooth__host.a(att.c.obj)
 .text.att_timeout
                0x0000000000011544       0x30 zephyr/subsys/bluetooth/host/libsubsys__bluetooth__host.a(att.c.obj)
 .text.find_cf_cfg
                0x0000000000011574       0x5c zephyr/subsys/bluetooth/host/libsubsys__bluetooth__host.a(gatt.c.obj)
 .text.find_sc_cfg
                0x00000000000115d0       0x44 zephyr/subsys/bluetooth/host/libsubsys__bluetooth__host.a(gatt.c.obj)
 .text.find_ccc_cfg
                0x0000000000011614       0x48 zephyr/subsys/bluetooth/host/libsubsys__bluetooth__host.a(gatt.c.obj)
 .text.bt_gatt_attr_write_ccc
                0x000000000001165c       0xc8 zephyr/subsys/bluetooth/host/libsubsys__bluetooth__host.a(gatt.c.obj)
                0x000000000001165c                bt_gatt_attr_write_ccc
 .text.clear_cf_cfg
                0x0000000000011724       0x30 zephyr/subsys/bluetooth/host/libsubsys__bluetooth__host.a(gatt.c.obj)
 .text.sc_save  0x0000000000011754       0x6c zephyr/subsys/bluetooth/host/libsubsys__bluetooth__host.a(gatt.c.obj)
 .text.disconnected_cb
                0x00000000000117c0       0xb4 zephyr/subsys/bluetooth/host/libsubsys__bluetooth__host.a(gatt.c.obj)
 .text.read_ppcp
                0x0000000000011874       0x38 zephyr/subsys/bluetooth/host/libsubsys__bluetooth__host.a(gatt.c.obj)
 .text.cf_write
                0x00000000000118ac       0xa4 zephyr/subsys/bluetooth/host/libsubsys__bluetooth__host.a(gatt.c.obj)
 .text.sc_indicate_rsp
                0x0000000000011950       0x4c zephyr/subsys/bluetooth/host/libsubsys__bluetooth__host.a(gatt.c.obj)
 .text.bt_gatt_init
                0x000000000001199c       0x84 zephyr/subsys/bluetooth/host/libsubsys__bluetooth__host.a(gatt.c.obj)
                0x000000000001199c                bt_gatt_init
 .text.bt_gatt_attr_get_handle
                0x0000000000011a20       0x60 zephyr/subsys/bluetooth/host/libsubsys__bluetooth__host.a(gatt.c.obj)
                0x0000000000011a20                bt_gatt_attr_get_handle
 .text.bt_gatt_foreach_attr_type
                0x0000000000011a80       0xb4 zephyr/subsys/bluetooth/host/libsubsys__bluetooth__host.a(gatt.c.obj)
                0x0000000000011a80                bt_gatt_foreach_attr_type
 .text.db_hash_gen
                0x0000000000011b34       0x88 zephyr/subsys/bluetooth/host/libsubsys__bluetooth__host.a(gatt.c.obj)
 .text.db_hash_read
                0x0000000000011bbc       0x74 zephyr/subsys/bluetooth/host/libsubsys__bluetooth__host.a(gatt.c.obj)
 .text.db_hash_process
                0x0000000000011c30       0x14 zephyr/subsys/bluetooth/host/libsubsys__bluetooth__host.a(gatt.c.obj)
 .text.bt_gatt_attr_next
                0x0000000000011c44       0x24 zephyr/subsys/bluetooth/host/libsubsys__bluetooth__host.a(gatt.c.obj)
                0x0000000000011c44                bt_gatt_attr_next
 .text.gatt_indicate
                0x0000000000011c68      0x108 zephyr/subsys/bluetooth/host/libsubsys__bluetooth__host.a(gatt.c.obj)
 .text.bt_gatt_indicate
                0x0000000000011d70       0xf0 zephyr/subsys/bluetooth/host/libsubsys__bluetooth__host.a(gatt.c.obj)
                0x0000000000011d70                bt_gatt_indicate
 .text.sc_process
                0x0000000000011e60       0x60 zephyr/subsys/bluetooth/host/libsubsys__bluetooth__host.a(gatt.c.obj)
 .text.update_ccc
                0x0000000000011ec0      0x128 zephyr/subsys/bluetooth/host/libsubsys__bluetooth__host.a(gatt.c.obj)
 .text.gatt_notify
                0x0000000000011fe8       0xd4 zephyr/subsys/bluetooth/host/libsubsys__bluetooth__host.a(gatt.c.obj)
 .text.bt_gatt_notify_cb
                0x00000000000120bc       0xe8 zephyr/subsys/bluetooth/host/libsubsys__bluetooth__host.a(gatt.c.obj)
                0x00000000000120bc                bt_gatt_notify_cb
 .text.notify_cb
                0x00000000000121a4      0x138 zephyr/subsys/bluetooth/host/libsubsys__bluetooth__host.a(gatt.c.obj)
 .text.bt_gatt_connected
                0x00000000000122dc       0x60 zephyr/subsys/bluetooth/host/libsubsys__bluetooth__host.a(gatt.c.obj)
                0x00000000000122dc                bt_gatt_connected
 .text.bt_gatt_att_max_mtu_changed
                0x000000000001233c       0x28 zephyr/subsys/bluetooth/host/libsubsys__bluetooth__host.a(gatt.c.obj)
                0x000000000001233c                bt_gatt_att_max_mtu_changed
 .text.bt_gatt_encrypt_change
                0x0000000000012364       0x20 zephyr/subsys/bluetooth/host/libsubsys__bluetooth__host.a(gatt.c.obj)
                0x0000000000012364                bt_gatt_encrypt_change
 .text.bt_gatt_disconnected
                0x0000000000012384       0x48 zephyr/subsys/bluetooth/host/libsubsys__bluetooth__host.a(gatt.c.obj)
                0x0000000000012384                bt_gatt_disconnected
 .text.smp_find
                0x00000000000123cc       0x1c zephyr/subsys/bluetooth/host/libsubsys__bluetooth__host.a(smp.c.obj)
 .text.latch_auth_cb
                0x00000000000123e8       0x2c zephyr/subsys/bluetooth/host/libsubsys__bluetooth__host.a(smp.c.obj)
 .text.get_io_capa
                0x0000000000012414       0x4c zephyr/subsys/bluetooth/host/libsubsys__bluetooth__host.a(smp.c.obj)
 .text.get_auth
                0x0000000000012460       0x3c zephyr/subsys/bluetooth/host/libsubsys__bluetooth__host.a(smp.c.obj)
 .text.smp_send.constprop.0
                0x000000000001249c       0x5c zephyr/subsys/bluetooth/host/libsubsys__bluetooth__host.a(smp.c.obj)
 .text.bt_smp_pkey_ready.part.0
                0x00000000000124f8       0x24 zephyr/subsys/bluetooth/host/libsubsys__bluetooth__host.a(smp.c.obj)
 .text.bt_smp_accept.part.0
                0x000000000001251c       0x30 zephyr/subsys/bluetooth/host/libsubsys__bluetooth__host.a(smp.c.obj)
 .text.bt_smp_accept
                0x000000000001254c       0x20 zephyr/subsys/bluetooth/host/libsubsys__bluetooth__host.a(smp.c.obj)
 .text.smp_chan_get.part.0
                0x000000000001256c       0x28 zephyr/subsys/bluetooth/host/libsubsys__bluetooth__host.a(smp.c.obj)
 .text.smp_init
                0x0000000000012594       0x38 zephyr/subsys/bluetooth/host/libsubsys__bluetooth__host.a(smp.c.obj)
 .text.smp_dhkey_generate
                0x00000000000125cc       0x4c zephyr/subsys/bluetooth/host/libsubsys__bluetooth__host.a(smp.c.obj)
 .text.smp_ident_info
                0x0000000000012618       0x7c zephyr/subsys/bluetooth/host/libsubsys__bluetooth__host.a(smp.c.obj)
 .text.smp_encrypt_info
                0x0000000000012694       0x7c zephyr/subsys/bluetooth/host/libsubsys__bluetooth__host.a(smp.c.obj)
 .text.smp_send_pairing_confirm
                0x0000000000012710       0xa8 zephyr/subsys/bluetooth/host/libsubsys__bluetooth__host.a(smp.c.obj)
 .text.smp_public_key_periph
                0x00000000000127b8      0x17c zephyr/subsys/bluetooth/host/libsubsys__bluetooth__host.a(smp.c.obj)
 .text.smp_public_key
                0x0000000000012934       0xac zephyr/subsys/bluetooth/host/libsubsys__bluetooth__host.a(smp.c.obj)
 .text.smp_pairing_req
                0x00000000000129e0      0x3a4 zephyr/subsys/bluetooth/host/libsubsys__bluetooth__host.a(smp.c.obj)
 .text.compute_and_check_and_send_periph_dhcheck
                0x0000000000012d84      0x180 zephyr/subsys/bluetooth/host/libsubsys__bluetooth__host.a(smp.c.obj)
 .text.bt_smp_connected
                0x0000000000012f04       0x30 zephyr/subsys/bluetooth/host/libsubsys__bluetooth__host.a(smp.c.obj)
 .text.smp_pairing_confirm
                0x0000000000012f34       0x8c zephyr/subsys/bluetooth/host/libsubsys__bluetooth__host.a(smp.c.obj)
 .text.smp_pairing_random
                0x0000000000012fc0      0x21c zephyr/subsys/bluetooth/host/libsubsys__bluetooth__host.a(smp.c.obj)
 .text.bt_smp_start_security
                0x00000000000131dc      0x18c zephyr/subsys/bluetooth/host/libsubsys__bluetooth__host.a(smp.c.obj)
                0x00000000000131dc                bt_smp_start_security
 .text.smp_pairing_complete
                0x0000000000013368      0x130 zephyr/subsys/bluetooth/host/libsubsys__bluetooth__host.a(smp.c.obj)
 .text.smp_error
                0x0000000000013498       0xb4 zephyr/subsys/bluetooth/host/libsubsys__bluetooth__host.a(smp.c.obj)
 .text.bt_smp_recv
                0x000000000001354c      0x150 zephyr/subsys/bluetooth/host/libsubsys__bluetooth__host.a(smp.c.obj)
 .text.bt_smp_pkey_ready
                0x000000000001369c       0x40 zephyr/subsys/bluetooth/host/libsubsys__bluetooth__host.a(smp.c.obj)
 .text.smp_ident_addr_info
                0x00000000000136dc      0x1bc zephyr/subsys/bluetooth/host/libsubsys__bluetooth__host.a(smp.c.obj)
 .text.smp_central_ident
                0x0000000000013898       0xb4 zephyr/subsys/bluetooth/host/libsubsys__bluetooth__host.a(smp.c.obj)
 .text.smp_pairing_failed
                0x000000000001394c       0x78 zephyr/subsys/bluetooth/host/libsubsys__bluetooth__host.a(smp.c.obj)
 .text.bt_smp_encrypt_change
                0x00000000000139c4      0x234 zephyr/subsys/bluetooth/host/libsubsys__bluetooth__host.a(smp.c.obj)
 .text.smp_timeout
                0x0000000000013bf8       0x3c zephyr/subsys/bluetooth/host/libsubsys__bluetooth__host.a(smp.c.obj)
 .text.bt_smp_update_keys
                0x0000000000013c34      0x140 zephyr/subsys/bluetooth/host/libsubsys__bluetooth__host.a(smp.c.obj)
                0x0000000000013c34                bt_smp_update_keys
 .text.bt_smp_init
                0x0000000000013d74       0x2c zephyr/subsys/bluetooth/host/libsubsys__bluetooth__host.a(smp.c.obj)
                0x0000000000013d74                bt_smp_init
 .text.bt_keys_get_addr
                0x0000000000013da0       0x4c zephyr/subsys/bluetooth/host/libsubsys__bluetooth__host.a(keys.c.obj)
                0x0000000000013da0                bt_keys_get_addr
 .text.bt_keys_foreach_type
                0x0000000000013dec       0x1c zephyr/subsys/bluetooth/host/libsubsys__bluetooth__host.a(keys.c.obj)
                0x0000000000013dec                bt_keys_foreach_type
 .text.bt_keys_find
                0x0000000000013e08       0x48 zephyr/subsys/bluetooth/host/libsubsys__bluetooth__host.a(keys.c.obj)
                0x0000000000013e08                bt_keys_find
 .text.bt_keys_find_irk
                0x0000000000013e50       0x88 zephyr/subsys/bluetooth/host/libsubsys__bluetooth__host.a(keys.c.obj)
                0x0000000000013e50                bt_keys_find_irk
 .text.bt_keys_find_addr
                0x0000000000013ed8       0x20 zephyr/subsys/bluetooth/host/libsubsys__bluetooth__host.a(keys.c.obj)
                0x0000000000013ed8                bt_keys_find_addr
 .text.bt_crypto_f5
                0x0000000000013ef8       0xd0 zephyr/subsys/bluetooth/crypto/libsubsys__bluetooth__crypto.a(bt_crypto.c.obj)
                0x0000000000013ef8                bt_crypto_f5
 .text.bt_crypto_g2
                0x0000000000013fc8       0x68 zephyr/subsys/bluetooth/crypto/libsubsys__bluetooth__crypto.a(bt_crypto.c.obj)
                0x0000000000013fc8                bt_crypto_g2
 .text.net_buf_pool_get
                0x0000000000014030       0x10 zephyr/subsys/net/libsubsys__net.a(buf.c.obj)
                0x0000000000014030                net_buf_pool_get
 .text.net_buf_id
                0x0000000000014040       0x20 zephyr/subsys/net/libsubsys__net.a(buf.c.obj)
                0x0000000000014040                net_buf_id
 .text.fixed_data_alloc
                0x0000000000014060       0x30 zephyr/subsys/net/libsubsys__net.a(buf.c.obj)
 .text.net_buf_alloc_len
                0x0000000000014090      0x124 zephyr/subsys/net/libsubsys__net.a(buf.c.obj)
                0x0000000000014090                net_buf_alloc_len
 .text.net_buf_unref
                0x00000000000141b4       0x64 zephyr/subsys/net/libsubsys__net.a(buf.c.obj)
                0x00000000000141b4                net_buf_unref
 .text.bt_rpmsg_send
                0x0000000000014218       0x78 zephyr/drivers/bluetooth/libdrivers__bluetooth.a(rpmsg.c.obj)
 .text.bt_rpmsg_init
                0x0000000000014290       0x40 zephyr/drivers/bluetooth/libdrivers__bluetooth.a(rpmsg.c.obj)
 .text.hci_ept_bound
                0x00000000000142d0        0xc zephyr/drivers/bluetooth/libdrivers__bluetooth.a(rpmsg.c.obj)
 .text.bt_rpmsg_open
                0x00000000000142dc       0x8c zephyr/drivers/bluetooth/libdrivers__bluetooth.a(rpmsg.c.obj)
 .text.hci_ept_recv
                0x0000000000014368      0x214 zephyr/drivers/bluetooth/libdrivers__bluetooth.a(rpmsg.c.obj)
 .text.onoff_stop
                0x000000000001457c       0x30 zephyr/drivers/clock_control/libdrivers__clock_control.a(clock_control_nrf.c.obj)
 .text.onoff_start
                0x00000000000145ac       0x44 zephyr/drivers/clock_control/libdrivers__clock_control.a(clock_control_nrf.c.obj)
 .text.clk_init
                0x00000000000145f0       0x64 zephyr/drivers/clock_control/libdrivers__clock_control.a(clock_control_nrf.c.obj)
 .text.clkstarted_handle.constprop.0
                0x0000000000014654       0x34 zephyr/drivers/clock_control/libdrivers__clock_control.a(clock_control_nrf.c.obj)
 .text.clock_event_handler
                0x0000000000014688       0x30 zephyr/drivers/clock_control/libdrivers__clock_control.a(clock_control_nrf.c.obj)
 .text.generic_hfclk_start
                0x00000000000146b8       0x64 zephyr/drivers/clock_control/libdrivers__clock_control.a(clock_control_nrf.c.obj)
 .text.api_blocking_start
                0x000000000001471c       0x3c zephyr/drivers/clock_control/libdrivers__clock_control.a(clock_control_nrf.c.obj)
 .text.generic_hfclk_stop
                0x0000000000014758       0x34 zephyr/drivers/clock_control/libdrivers__clock_control.a(clock_control_nrf.c.obj)
 .text.z_nrf_clock_control_lf_on
                0x000000000001478c       0xf8 zephyr/drivers/clock_control/libdrivers__clock_control.a(clock_control_nrf.c.obj)
                0x000000000001478c                z_nrf_clock_control_lf_on
 .text.uart_console_init
                0x0000000000014884       0x28 zephyr/drivers/console/libdrivers__console.a(uart_console.c.obj)
 .text.console_out
                0x00000000000148ac       0x28 zephyr/drivers/console/libdrivers__console.a(uart_console.c.obj)
 .text.gpio_nrfx_pin_interrupt_configure
                0x00000000000148d4       0xd8 zephyr/drivers/gpio/libdrivers__gpio.a(gpio_nrfx.c.obj)
 .text.gpio_nrfx_init
                0x00000000000149ac       0x38 zephyr/drivers/gpio/libdrivers__gpio.a(gpio_nrfx.c.obj)
 .text.nrfx_gpio_handler
                0x00000000000149e4       0x4c zephyr/drivers/gpio/libdrivers__gpio.a(gpio_nrfx.c.obj)
 .text.gpio_nrfx_pin_configure
                0x0000000000014a30      0x124 zephyr/drivers/gpio/libdrivers__gpio.a(gpio_nrfx.c.obj)
 .text.mbox_nrf_init
                0x0000000000014b54       0xb4 zephyr/drivers/mbox/libdrivers__mbox.a(mbox_nrfx_ipc.c.obj)
 .text.mbox_nrf_set_enabled
                0x0000000000014c08       0xa0 zephyr/drivers/mbox/libdrivers__mbox.a(mbox_nrfx_ipc.c.obj)
 .text.mbox_nrf_send
                0x0000000000014ca8       0x54 zephyr/drivers/mbox/libdrivers__mbox.a(mbox_nrfx_ipc.c.obj)
 .text.mbox_dispatcher
                0x0000000000014cfc       0x7c zephyr/drivers/mbox/libdrivers__mbox.a(mbox_nrfx_ipc.c.obj)
 .text.pinctrl_configure_pins
                0x0000000000014d78      0x180 zephyr/drivers/pinctrl/libdrivers__pinctrl.a(pinctrl_nrf.c.obj)
                0x0000000000014d78                pinctrl_configure_pins
 .text.uarte_nrfx_configure
                0x0000000000014ef8      0x17c zephyr/drivers/serial/libdrivers__serial.a(uart_nrfx_uarte.c.obj)
 .text.uarte_0_init
                0x0000000000015074      0x10c zephyr/drivers/serial/libdrivers__serial.a(uart_nrfx_uarte.c.obj)
 .text.uarte_nrfx_poll_out
                0x0000000000015180       0xcc zephyr/drivers/serial/libdrivers__serial.a(uart_nrfx_uarte.c.obj)
 .text.compare_int_lock
                0x000000000001524c       0x40 zephyr/drivers/timer/libdrivers__timer.a(nrf_rtc_timer.c.obj)
 .text.sys_clock_timeout_handler
                0x000000000001528c       0x48 zephyr/drivers/timer/libdrivers__timer.a(nrf_rtc_timer.c.obj)
 .text.compare_int_unlock
                0x00000000000152d4       0x4c zephyr/drivers/timer/libdrivers__timer.a(nrf_rtc_timer.c.obj)
 .text.z_nrf_rtc_timer_compare_evt_address_get
                0x0000000000015320       0x10 zephyr/drivers/timer/libdrivers__timer.a(nrf_rtc_timer.c.obj)
                0x0000000000015320                z_nrf_rtc_timer_compare_evt_address_get
 .text.z_nrf_rtc_timer_compare_read
                0x0000000000015330       0x10 zephyr/drivers/timer/libdrivers__timer.a(nrf_rtc_timer.c.obj)
                0x0000000000015330                z_nrf_rtc_timer_compare_read
 .text.z_nrf_rtc_timer_read
                0x0000000000015340       0x44 zephyr/drivers/timer/libdrivers__timer.a(nrf_rtc_timer.c.obj)
                0x0000000000015340                z_nrf_rtc_timer_read
 .text.compare_set
                0x0000000000015384      0x114 zephyr/drivers/timer/libdrivers__timer.a(nrf_rtc_timer.c.obj)
 .text.sys_clock_driver_init
                0x0000000000015498       0xa4 zephyr/drivers/timer/libdrivers__timer.a(nrf_rtc_timer.c.obj)
 .text.rtc_nrf_isr
                0x000000000001553c      0x100 zephyr/drivers/timer/libdrivers__timer.a(nrf_rtc_timer.c.obj)
                0x000000000001553c                rtc_nrf_isr
 .text.z_nrf_rtc_timer_chan_alloc
                0x000000000001563c       0x3c zephyr/drivers/timer/libdrivers__timer.a(nrf_rtc_timer.c.obj)
                0x000000000001563c                z_nrf_rtc_timer_chan_alloc
 .text.z_nrf_rtc_timer_chan_free
                0x0000000000015678       0x1c zephyr/drivers/timer/libdrivers__timer.a(nrf_rtc_timer.c.obj)
                0x0000000000015678                z_nrf_rtc_timer_chan_free
 .text.sys_clock_set_timeout
                0x0000000000015694       0x64 zephyr/drivers/timer/libdrivers__timer.a(nrf_rtc_timer.c.obj)
                0x0000000000015694                sys_clock_set_timeout
 .text.sys_clock_elapsed
                0x00000000000156f8       0x14 zephyr/drivers/timer/libdrivers__timer.a(nrf_rtc_timer.c.obj)
                0x00000000000156f8                sys_clock_elapsed
 .text.get_buttons.part.0
                0x000000000001570c       0x28 modules/nrf/lib/dk_buttons_and_leds/lib..__nrf__lib__dk_buttons_and_leds.a(dk_buttons_and_leds.c.obj)
 .text.get_buttons
                0x0000000000015734       0x5c modules/nrf/lib/dk_buttons_and_leds/lib..__nrf__lib__dk_buttons_and_leds.a(dk_buttons_and_leds.c.obj)
 .text.dk_set_leds_state.part.0
                0x0000000000015790       0x68 modules/nrf/lib/dk_buttons_and_leds/lib..__nrf__lib__dk_buttons_and_leds.a(dk_buttons_and_leds.c.obj)
 .text.callback_ctrl
                0x00000000000157f8       0xa4 modules/nrf/lib/dk_buttons_and_leds/lib..__nrf__lib__dk_buttons_and_leds.a(dk_buttons_and_leds.c.obj)
 .text.button_pressed
                0x000000000001589c       0x80 modules/nrf/lib/dk_buttons_and_leds/lib..__nrf__lib__dk_buttons_and_leds.a(dk_buttons_and_leds.c.obj)
 .text.buttons_scan_fn
                0x000000000001591c      0x114 modules/nrf/lib/dk_buttons_and_leds/lib..__nrf__lib__dk_buttons_and_leds.a(dk_buttons_and_leds.c.obj)
 .text.dk_leds_init
                0x0000000000015a30       0x54 modules/nrf/lib/dk_buttons_and_leds/lib..__nrf__lib__dk_buttons_and_leds.a(dk_buttons_and_leds.c.obj)
                0x0000000000015a30                dk_leds_init
 .text.dk_read_buttons
                0x0000000000015a84       0x20 modules/nrf/lib/dk_buttons_and_leds/lib..__nrf__lib__dk_buttons_and_leds.a(dk_buttons_and_leds.c.obj)
                0x0000000000015a84                dk_read_buttons
 .text.dk_buttons_init
                0x0000000000015aa4      0x124 modules/nrf/lib/dk_buttons_and_leds/lib..__nrf__lib__dk_buttons_and_leds.a(dk_buttons_and_leds.c.obj)
                0x0000000000015aa4                dk_buttons_init
 .text.dk_set_led
                0x0000000000015bc8       0x64 modules/nrf/lib/dk_buttons_and_leds/lib..__nrf__lib__dk_buttons_and_leds.a(dk_buttons_and_leds.c.obj)
                0x0000000000015bc8                dk_set_led
 .text.k_sys_fatal_error_handler
                0x0000000000015c2c       0x2c modules/nrf/lib/fatal_error/lib..__nrf__lib__fatal_error.a(fatal_error.c.obj)
                0x0000000000015c2c                k_sys_fatal_error_handler
 .text.tfm_ns_interface_dispatch
                0x0000000000015c58       0x64 modules/trusted-firmware-m/libtfm_api.a(interface.c.obj)
                0x0000000000015c58                tfm_ns_interface_dispatch
 .text.tfm_platform_ioctl
                0x0000000000015cbc       0x4c modules/trusted-firmware-m/libtfm_api.a(tfm_platform_api.c.obj)
                0x0000000000015cbc                tfm_platform_ioctl
 .text.psa_generate_random
                0x0000000000015d08       0x40 modules/trusted-firmware-m/libtfm_api.a(tfm_crypto_api.c.obj)
                0x0000000000015d08                psa_generate_random
 .text.psa_call
                0x0000000000015d48       0x38 modules/trusted-firmware-m/libtfm_api.a(tfm_psa_ns_api.c.obj)
                0x0000000000015d48                psa_call
 .text.nrfx_flag32_alloc
                0x0000000000015d80       0x38 modules/hal_nordic/nrfx/libmodules__hal_nordic__nrfx.a(nrfx_flag32_allocator.c.obj)
                0x0000000000015d80                nrfx_flag32_alloc
 .text.nrfx_flag32_free
                0x0000000000015db8       0x38 modules/hal_nordic/nrfx/libmodules__hal_nordic__nrfx.a(nrfx_flag32_allocator.c.obj)
                0x0000000000015db8                nrfx_flag32_free
 .text.clock_stop
                0x0000000000015df0      0x17c modules/hal_nordic/nrfx/libmodules__hal_nordic__nrfx.a(nrfx_clock.c.obj)
 .text.nrfx_clock_init
                0x0000000000015f6c       0x20 modules/hal_nordic/nrfx/libmodules__hal_nordic__nrfx.a(nrfx_clock.c.obj)
                0x0000000000015f6c                nrfx_clock_init
 .text.nrfx_clock_enable
                0x0000000000015f8c       0x28 modules/hal_nordic/nrfx/libmodules__hal_nordic__nrfx.a(nrfx_clock.c.obj)
                0x0000000000015f8c                nrfx_clock_enable
 .text.nrfx_clock_start
                0x0000000000015fb4       0xb8 modules/hal_nordic/nrfx/libmodules__hal_nordic__nrfx.a(nrfx_clock.c.obj)
                0x0000000000015fb4                nrfx_clock_start
 .text.nrfx_power_clock_irq_handler
                0x000000000001606c       0xac modules/hal_nordic/nrfx/libmodules__hal_nordic__nrfx.a(nrfx_clock.c.obj)
                0x000000000001606c                nrfx_power_clock_irq_handler
 .text.nrfx_dppi_channel_alloc
                0x0000000000016118        0xc modules/hal_nordic/nrfx/libmodules__hal_nordic__nrfx.a(nrfx_dppi.c.obj)
                0x0000000000016118                nrfx_dppi_channel_alloc
 .text.nrfx_dppi_channel_free
                0x0000000000016124       0x1c modules/hal_nordic/nrfx/libmodules__hal_nordic__nrfx.a(nrfx_dppi.c.obj)
                0x0000000000016124                nrfx_dppi_channel_free
 .text.nrf_gpio_pin_port_decode
                0x0000000000016140       0x20 modules/hal_nordic/nrfx/libmodules__hal_nordic__nrfx.a(nrfx_gpiote.c.obj)
 .text.pin_in_use_by_te
                0x0000000000016160       0x14 modules/hal_nordic/nrfx/libmodules__hal_nordic__nrfx.a(nrfx_gpiote.c.obj)
 .text.call_handler
                0x0000000000016174       0x3c modules/hal_nordic/nrfx/libmodules__hal_nordic__nrfx.a(nrfx_gpiote.c.obj)
 .text.release_handler
                0x00000000000161b0       0x54 modules/hal_nordic/nrfx/libmodules__hal_nordic__nrfx.a(nrfx_gpiote.c.obj)
 .text.pin_handler_trigger_uninit
                0x0000000000016204       0x3c modules/hal_nordic/nrfx/libmodules__hal_nordic__nrfx.a(nrfx_gpiote.c.obj)
 .text.nrfx_gpiote_input_configure
                0x0000000000016240      0x15c modules/hal_nordic/nrfx/libmodules__hal_nordic__nrfx.a(nrfx_gpiote.c.obj)
                0x0000000000016240                nrfx_gpiote_input_configure
 .text.nrfx_gpiote_output_configure
                0x000000000001639c       0xe8 modules/hal_nordic/nrfx/libmodules__hal_nordic__nrfx.a(nrfx_gpiote.c.obj)
                0x000000000001639c                nrfx_gpiote_output_configure
 .text.nrfx_gpiote_global_callback_set
                0x0000000000016484        0xc modules/hal_nordic/nrfx/libmodules__hal_nordic__nrfx.a(nrfx_gpiote.c.obj)
                0x0000000000016484                nrfx_gpiote_global_callback_set
 .text.nrfx_gpiote_channel_get
                0x0000000000016490       0x2c modules/hal_nordic/nrfx/libmodules__hal_nordic__nrfx.a(nrfx_gpiote.c.obj)
                0x0000000000016490                nrfx_gpiote_channel_get
 .text.nrfx_gpiote_init
                0x00000000000164bc       0x50 modules/hal_nordic/nrfx/libmodules__hal_nordic__nrfx.a(nrfx_gpiote.c.obj)
                0x00000000000164bc                nrfx_gpiote_init
 .text.nrfx_gpiote_is_init
                0x000000000001650c       0x14 modules/hal_nordic/nrfx/libmodules__hal_nordic__nrfx.a(nrfx_gpiote.c.obj)
                0x000000000001650c                nrfx_gpiote_is_init
 .text.nrfx_gpiote_channel_free
                0x0000000000016520        0xc modules/hal_nordic/nrfx/libmodules__hal_nordic__nrfx.a(nrfx_gpiote.c.obj)
                0x0000000000016520                nrfx_gpiote_channel_free
 .text.nrfx_gpiote_channel_alloc
                0x000000000001652c        0xc modules/hal_nordic/nrfx/libmodules__hal_nordic__nrfx.a(nrfx_gpiote.c.obj)
                0x000000000001652c                nrfx_gpiote_channel_alloc
 .text.nrfx_gpiote_trigger_enable
                0x0000000000016538       0x8c modules/hal_nordic/nrfx/libmodules__hal_nordic__nrfx.a(nrfx_gpiote.c.obj)
                0x0000000000016538                nrfx_gpiote_trigger_enable
 .text.nrfx_gpiote_trigger_disable
                0x00000000000165c4       0x50 modules/hal_nordic/nrfx/libmodules__hal_nordic__nrfx.a(nrfx_gpiote.c.obj)
                0x00000000000165c4                nrfx_gpiote_trigger_disable
 .text.nrfx_gpiote_pin_uninit
                0x0000000000016614       0x50 modules/hal_nordic/nrfx/libmodules__hal_nordic__nrfx.a(nrfx_gpiote.c.obj)
                0x0000000000016614                nrfx_gpiote_pin_uninit
 .text.nrfx_gpiote_irq_handler
                0x0000000000016664      0x1b0 modules/hal_nordic/nrfx/libmodules__hal_nordic__nrfx.a(nrfx_gpiote.c.obj)
                0x0000000000016664                nrfx_gpiote_irq_handler
 .text.nrfx_ipc_init
                0x0000000000016814       0x30 modules/hal_nordic/nrfx/libmodules__hal_nordic__nrfx.a(nrfx_ipc.c.obj)
                0x0000000000016814                nrfx_ipc_init
 .text.nrfx_ipc_config_load
                0x0000000000016844       0x40 modules/hal_nordic/nrfx/libmodules__hal_nordic__nrfx.a(nrfx_ipc.c.obj)
                0x0000000000016844                nrfx_ipc_config_load
 .text.nrfx_ipc_receive_event_enable
                0x0000000000016884       0x10 modules/hal_nordic/nrfx/libmodules__hal_nordic__nrfx.a(nrfx_ipc.c.obj)
                0x0000000000016884                nrfx_ipc_receive_event_enable
 .text.nrfx_ipc_receive_event_disable
                0x0000000000016894       0x10 modules/hal_nordic/nrfx/libmodules__hal_nordic__nrfx.a(nrfx_ipc.c.obj)
                0x0000000000016894                nrfx_ipc_receive_event_disable
 .text.nrfx_ipc_irq_handler
                0x00000000000168a4       0x40 modules/hal_nordic/nrfx/libmodules__hal_nordic__nrfx.a(nrfx_ipc.c.obj)
                0x00000000000168a4                nrfx_ipc_irq_handler
 .text.metal_generic_dev_open
                0x00000000000168e4       0x40 modules/libmetal/libmetal/lib/libmetal.a(device.c.obj)
                0x00000000000168e4                metal_generic_dev_open
 .text.metal_bus_unregister
                0x0000000000016924       0x3c modules/libmetal/libmetal/lib/libmetal.a(device.c.obj)
                0x0000000000016924                metal_bus_unregister
 .text.metal_bus_find
                0x0000000000016960       0x3c modules/libmetal/libmetal/lib/libmetal.a(device.c.obj)
                0x0000000000016960                metal_bus_find
 .text.metal_bus_register
                0x000000000001699c       0x68 modules/libmetal/libmetal/lib/libmetal.a(device.c.obj)
                0x000000000001699c                metal_bus_register
 .text.metal_register_generic_device
                0x0000000000016a04       0x40 modules/libmetal/libmetal/lib/libmetal.a(device.c.obj)
                0x0000000000016a04                metal_register_generic_device
 .text.metal_init
                0x0000000000016a44       0x40 modules/libmetal/libmetal/lib/libmetal.a(init.c.obj)
                0x0000000000016a44                metal_init
 .text.metal_finish
                0x0000000000016a84       0x18 modules/libmetal/libmetal/lib/libmetal.a(init.c.obj)
                0x0000000000016a84                metal_finish
 .text.metal_sys_init
                0x0000000000016a9c       0x10 modules/libmetal/libmetal/lib/libmetal.a(init.c.obj)
                0x0000000000016a9c                metal_sys_init
 .text.metal_sys_finish
                0x0000000000016aac        0xc modules/libmetal/libmetal/lib/libmetal.a(init.c.obj)
                0x0000000000016aac                metal_sys_finish
 .text.metal_zephyr_log_handler
                0x0000000000016ab8       0x3c modules/libmetal/libmetal/lib/libmetal.a(log.c.obj)
                0x0000000000016ab8                metal_zephyr_log_handler
 .text.virtio_create_virtqueues
                0x0000000000016af4       0xa0 modules/open-amp/open-amp/lib/libopen_amp.a(virtio.c.obj)
                0x0000000000016af4                virtio_create_virtqueues
 .text.virtqueue_free
                0x0000000000016b94       0x38 modules/open-amp/open-amp/lib/libopen_amp.a(virtqueue.c.obj)
                0x0000000000016b94                virtqueue_free
 .text.virtqueue_add_consumed_buffer
                0x0000000000016bcc       0x38 modules/open-amp/open-amp/lib/libopen_amp.a(virtqueue.c.obj)
                0x0000000000016bcc                virtqueue_add_consumed_buffer
 .text.rpmsg_send_offchannel_raw
                0x0000000000016c04       0x2c modules/open-amp/open-amp/lib/libopen_amp.a(rpmsg.c.obj)
                0x0000000000016c04                rpmsg_send_offchannel_raw
 .text.rpmsg_send_offchannel_nocopy
                0x0000000000016c30       0x2c modules/open-amp/open-amp/lib/libopen_amp.a(rpmsg.c.obj)
                0x0000000000016c30                rpmsg_send_offchannel_nocopy
 .text.rpmsg_register_endpoint
                0x0000000000016c5c       0x40 modules/open-amp/open-amp/lib/libopen_amp.a(rpmsg.c.obj)
                0x0000000000016c5c                rpmsg_register_endpoint
 .text.rpmsg_create_ept
                0x0000000000016c9c      0x100 modules/open-amp/open-amp/lib/libopen_amp.a(rpmsg.c.obj)
                0x0000000000016c9c                rpmsg_create_ept
 .text.rpmsg_virtio_send_offchannel_raw
                0x0000000000016d9c       0x5c modules/open-amp/open-amp/lib/libopen_amp.a(rpmsg_virtio.c.obj)
 .text.rpmsg_virtio_get_buffer_size
                0x0000000000016df8       0x4c modules/open-amp/open-amp/lib/libopen_amp.a(rpmsg_virtio.c.obj)
                0x0000000000016df8                rpmsg_virtio_get_buffer_size
 .text.rpmsg_init_vdev_with_config
                0x0000000000016e44      0x254 modules/open-amp/open-amp/lib/libopen_amp.a(rpmsg_virtio.c.obj)
                0x0000000000016e44                rpmsg_init_vdev_with_config
 .text.rpmsg_init_vdev
                0x0000000000017098       0x2c modules/open-amp/open-amp/lib/libopen_amp.a(rpmsg_virtio.c.obj)
                0x0000000000017098                rpmsg_init_vdev
 .text.z_fatal_error
                0x00000000000170c4       0xfc zephyr/kernel/libkernel.a(fatal.c.obj)
                0x00000000000170c4                z_fatal_error
 .text.z_sys_init_run_level
                0x00000000000171c0       0x48 zephyr/kernel/libkernel.a(init.c.obj)
 .text.bg_thread_main
                0x0000000000017208       0x34 zephyr/kernel/libkernel.a(init.c.obj)
 .text.z_bss_zero
                0x000000000001723c       0x18 zephyr/kernel/libkernel.a(init.c.obj)
                0x000000000001723c                z_bss_zero
 .text.z_init_cpu
                0x0000000000017254       0x68 zephyr/kernel/libkernel.a(init.c.obj)
                0x0000000000017254                z_init_cpu
 .text.z_cstart
                0x00000000000172bc       0xe4 zephyr/kernel/libkernel.a(init.c.obj)
                0x00000000000172bc                z_cstart
 .text.statics_init
                0x00000000000173a0       0x24 zephyr/kernel/libkernel.a(kheap.c.obj)
 .text.init_mem_slab_module
                0x00000000000173c4       0x24 zephyr/kernel/libkernel.a(mem_slab.c.obj)
 .text.k_mem_slab_alloc
                0x00000000000173e8       0x5c zephyr/kernel/libkernel.a(mem_slab.c.obj)
                0x00000000000173e8                k_mem_slab_alloc
 .text.z_setup_new_thread
                0x0000000000017444       0x60 zephyr/kernel/libkernel.a(thread.c.obj)
                0x0000000000017444                z_setup_new_thread
 .text.z_impl_k_thread_create
                0x00000000000174a4       0x58 zephyr/kernel/libkernel.a(thread.c.obj)
                0x00000000000174a4                z_impl_k_thread_create
 .text.z_init_static_threads
                0x00000000000174fc       0xb8 zephyr/kernel/libkernel.a(thread.c.obj)
                0x00000000000174fc                z_init_static_threads
 .text.idle     0x00000000000175b4       0x38 zephyr/kernel/libkernel.a(idle.c.obj)
                0x00000000000175b4                idle
 .text.z_impl_k_mutex_lock
                0x00000000000175ec       0xf4 zephyr/kernel/libkernel.a(mutex.c.obj)
                0x00000000000175ec                z_impl_k_mutex_lock
 .text.z_impl_k_mutex_unlock
                0x00000000000176e0       0x78 zephyr/kernel/libkernel.a(mutex.c.obj)
                0x00000000000176e0                z_impl_k_mutex_unlock
 .text.z_impl_k_queue_get
                0x0000000000017758       0x68 zephyr/kernel/libkernel.a(queue.c.obj)
                0x0000000000017758                z_impl_k_queue_get
 .text.z_impl_k_sem_give
                0x00000000000177c0       0x4c zephyr/kernel/libkernel.a(sem.c.obj)
                0x00000000000177c0                z_impl_k_sem_give
 .text.z_impl_k_sem_take
                0x000000000001780c       0x50 zephyr/kernel/libkernel.a(sem.c.obj)
                0x000000000001780c                z_impl_k_sem_take
 .text.k_sys_work_q_init
                0x000000000001785c       0x34 zephyr/kernel/libkernel.a(system_work_q.c.obj)
 .text.work_queue_main
                0x0000000000017890      0x138 zephyr/kernel/libkernel.a(work.c.obj)
 .text.cancel_sync_locked
                0x00000000000179c8       0x3c zephyr/kernel/libkernel.a(work.c.obj)
 .text.submit_to_queue_locked
                0x0000000000017a04       0xb4 zephyr/kernel/libkernel.a(work.c.obj)
 .text.k_work_submit
                0x0000000000017ab8        0xc zephyr/kernel/libkernel.a(work.c.obj)
                0x0000000000017ab8                k_work_submit
 .text.k_work_queue_start
                0x0000000000017ac4       0x70 zephyr/kernel/libkernel.a(work.c.obj)
                0x0000000000017ac4                k_work_queue_start
 .text.k_work_queue_drain
                0x0000000000017b34       0x7c zephyr/kernel/libkernel.a(work.c.obj)
                0x0000000000017b34                k_work_queue_drain
 .text.k_work_schedule_for_queue
                0x0000000000017bb0       0x54 zephyr/kernel/libkernel.a(work.c.obj)
                0x0000000000017bb0                k_work_schedule_for_queue
 .text.k_work_schedule
                0x0000000000017c04        0xc zephyr/kernel/libkernel.a(work.c.obj)
                0x0000000000017c04                k_work_schedule
 .text.k_work_reschedule_for_queue
                0x0000000000017c10       0x5c zephyr/kernel/libkernel.a(work.c.obj)
                0x0000000000017c10                k_work_reschedule_for_queue
 .text.k_work_reschedule
                0x0000000000017c6c        0xc zephyr/kernel/libkernel.a(work.c.obj)
                0x0000000000017c6c                k_work_reschedule
 .text.sliceable
                0x0000000000017c78       0x3c zephyr/kernel/libkernel.a(sched.c.obj)
 .text.slice_timeout
                0x0000000000017cb4       0x20 zephyr/kernel/libkernel.a(sched.c.obj)
 .text.z_reset_time_slice
                0x0000000000017cd4       0x50 zephyr/kernel/libkernel.a(sched.c.obj)
                0x0000000000017cd4                z_reset_time_slice
 .text.update_cache
                0x0000000000017d24       0x3c zephyr/kernel/libkernel.a(sched.c.obj)
 .text.move_thread_to_end_of_prio_q
                0x0000000000017d60       0x74 zephyr/kernel/libkernel.a(sched.c.obj)
 .text.ready_thread
                0x0000000000017dd4       0x68 zephyr/kernel/libkernel.a(sched.c.obj)
 .text.unready_thread
                0x0000000000017e3c       0x30 zephyr/kernel/libkernel.a(sched.c.obj)
 .text.pend_locked
                0x0000000000017e6c       0x30 zephyr/kernel/libkernel.a(sched.c.obj)
 .text.z_time_slice
                0x0000000000017e9c       0x60 zephyr/kernel/libkernel.a(sched.c.obj)
                0x0000000000017e9c                z_time_slice
 .text.z_pend_curr
                0x0000000000017efc       0x3c zephyr/kernel/libkernel.a(sched.c.obj)
                0x0000000000017efc                z_pend_curr
 .text.z_set_prio
                0x0000000000017f38       0x8c zephyr/kernel/libkernel.a(sched.c.obj)
                0x0000000000017f38                z_set_prio
 .text.z_reschedule
                0x0000000000017fc4       0x24 zephyr/kernel/libkernel.a(sched.c.obj)
                0x0000000000017fc4                z_reschedule
 .text.z_sched_start
                0x0000000000017fe8       0x3c zephyr/kernel/libkernel.a(sched.c.obj)
                0x0000000000017fe8                z_sched_start
 .text.z_impl_k_thread_suspend
                0x0000000000018024       0x64 zephyr/kernel/libkernel.a(sched.c.obj)
                0x0000000000018024                z_impl_k_thread_suspend
 .text.k_sched_lock
                0x0000000000018088       0x28 zephyr/kernel/libkernel.a(sched.c.obj)
                0x0000000000018088                k_sched_lock
 .text.k_sched_unlock
                0x00000000000180b0       0x38 zephyr/kernel/libkernel.a(sched.c.obj)
                0x00000000000180b0                k_sched_unlock
 .text.z_sched_init
                0x00000000000180e8       0x10 zephyr/kernel/libkernel.a(sched.c.obj)
                0x00000000000180e8                z_sched_init
 .text.z_impl_k_yield
                0x00000000000180f8       0x7c zephyr/kernel/libkernel.a(sched.c.obj)
                0x00000000000180f8                z_impl_k_yield
 .text.z_tick_sleep
                0x0000000000018174       0x88 zephyr/kernel/libkernel.a(sched.c.obj)
 .text.z_impl_k_sleep
                0x00000000000181fc       0x34 zephyr/kernel/libkernel.a(sched.c.obj)
                0x00000000000181fc                z_impl_k_sleep
 .text.z_impl_z_current_get
                0x0000000000018230        0xc zephyr/kernel/libkernel.a(sched.c.obj)
                0x0000000000018230                z_impl_z_current_get
 .text.z_thread_abort
                0x000000000001823c       0xc0 zephyr/kernel/libkernel.a(sched.c.obj)
                0x000000000001823c                z_thread_abort
 .text.z_sched_wait
                0x00000000000182fc       0x24 zephyr/kernel/libkernel.a(sched.c.obj)
                0x00000000000182fc                z_sched_wait
 .text.z_data_copy
                0x0000000000018320       0x34 zephyr/kernel/libkernel.a(xip.c.obj)
                0x0000000000018320                z_data_copy
 .text.elapsed  0x0000000000018354       0x14 zephyr/kernel/libkernel.a(timeout.c.obj)
 .text.next_timeout
                0x0000000000018368       0x40 zephyr/kernel/libkernel.a(timeout.c.obj)
 .text.remove_timeout
                0x00000000000183a8       0x38 zephyr/kernel/libkernel.a(timeout.c.obj)
 .text.z_add_timeout